
==========================================================================
global route report_tns
--------------------------------------------------------------------------
tns max 0.00

==========================================================================
global route report_wns
--------------------------------------------------------------------------
wns max 0.00

==========================================================================
global route report_worst_slack
--------------------------------------------------------------------------
worst slack max 1.09

==========================================================================
global route report_clock_min_period
--------------------------------------------------------------------------
clk period_min = 3.41 fmax = 292.96

==========================================================================
global route report_clock_skew
--------------------------------------------------------------------------
Clock clk
   0.32 source latency x_stage1[3]$_DFF_P_/CLK ^
  -0.30 target latency lut_stage2[6]$_DFF_P_/CLK ^
   0.00 CRPR
--------------
   0.02 setup skew


==========================================================================
global route report_checks -path_delay min
--------------------------------------------------------------------------
Startpoint: x_in[1] (input port clocked by clk)
Endpoint: x_stage1[1]$_DFF_P_ (rising edge-triggered flip-flop clocked by clk)
Path Group: clk
Path Type: min

Fanout     Cap    Slew   Delay    Time   Description
-----------------------------------------------------------------------------
                          0.00    0.00   clock clk (rise edge)
                          0.00    0.00   clock network delay (propagated)
                          0.00    0.00 ^ input external delay
     1    0.00    0.00    0.00    0.00 ^ x_in[1] (in)
                                         x_in[1] (net)
                  0.00    0.00    0.00 ^ input4/A (sky130_fd_sc_hd__clkdlybuf4s50_1)
     1    0.00    0.06    0.46    0.46 ^ input4/X (sky130_fd_sc_hd__clkdlybuf4s50_1)
                                         net4 (net)
                  0.06    0.00    0.46 ^ _1091_/A1 (sky130_fd_sc_hd__mux2i_1)
     1    0.00    0.05    0.07    0.54 v _1091_/Y (sky130_fd_sc_hd__mux2i_1)
                                         _0517_ (net)
                  0.05    0.00    0.54 v _1092_/B (sky130_fd_sc_hd__nor2_1)
     1    0.00    0.07    0.08    0.62 ^ _1092_/Y (sky130_fd_sc_hd__nor2_1)
                                         _0004_[1] (net)
                  0.07    0.00    0.62 ^ x_stage1[1]$_DFF_P_/D (sky130_fd_sc_hd__dfxtp_2)
                                  0.62   data arrival time

                          0.00    0.00   clock clk (rise edge)
                          0.00    0.00   clock source latency
     1    0.03    0.00    0.00    0.00 ^ clk (in)
                                         clk (net)
                  0.00    0.00    0.00 ^ clkbuf_0_clk/A (sky130_fd_sc_hd__clkbuf_16)
     4    0.06    0.08    0.14    0.14 ^ clkbuf_0_clk/X (sky130_fd_sc_hd__clkbuf_16)
                                         clknet_0_clk (net)
                  0.08    0.00    0.14 ^ clkbuf_2_1__f_clk/A (sky130_fd_sc_hd__clkbuf_16)
    14    0.06    0.07    0.17    0.31 ^ clkbuf_2_1__f_clk/X (sky130_fd_sc_hd__clkbuf_16)
                                         clknet_2_1__leaf_clk (net)
                  0.07    0.00    0.31 ^ x_stage1[1]$_DFF_P_/CLK (sky130_fd_sc_hd__dfxtp_2)
                          0.00    0.31   clock reconvergence pessimism
                         -0.03    0.28   library hold time
                                  0.28   data required time
-----------------------------------------------------------------------------
                                  0.28   data required time
                                 -0.62   data arrival time
-----------------------------------------------------------------------------
                                  0.34   slack (MET)



==========================================================================
global route report_checks -path_delay max
--------------------------------------------------------------------------
Startpoint: x_stage1[2]$_DFF_P_ (rising edge-triggered flip-flop clocked by clk)
Endpoint: lut_stage2[2]$_DFF_P_ (rising edge-triggered flip-flop clocked by clk)
Path Group: clk
Path Type: max

Fanout     Cap    Slew   Delay    Time   Description
-----------------------------------------------------------------------------
                          0.00    0.00   clock clk (rise edge)
                          0.00    0.00   clock source latency
     1    0.03    0.00    0.00    0.00 ^ clk (in)
                                         clk (net)
                  0.00    0.00    0.00 ^ clkbuf_0_clk/A (sky130_fd_sc_hd__clkbuf_16)
     4    0.06    0.08    0.14    0.14 ^ clkbuf_0_clk/X (sky130_fd_sc_hd__clkbuf_16)
                                         clknet_0_clk (net)
                  0.08    0.00    0.14 ^ clkbuf_2_0__f_clk/A (sky130_fd_sc_hd__clkbuf_16)
    11    0.06    0.08    0.17    0.31 ^ clkbuf_2_0__f_clk/X (sky130_fd_sc_hd__clkbuf_16)
                                         clknet_2_0__leaf_clk (net)
                  0.08    0.00    0.31 ^ x_stage1[2]$_DFF_P_/CLK (sky130_fd_sc_hd__dfxtp_2)
    32    0.15    0.72    0.80    1.12 ^ x_stage1[2]$_DFF_P_/Q (sky130_fd_sc_hd__dfxtp_2)
                                         x_stage1[2] (net)
                  0.72    0.01    1.12 ^ place67/A (sky130_fd_sc_hd__buf_4)
    21    0.10    0.27    0.40    1.52 ^ place67/X (sky130_fd_sc_hd__buf_4)
                                         net67 (net)
                  0.27    0.01    1.53 ^ _0853_/B_N (sky130_fd_sc_hd__nor2b_1)
     2    0.01    0.19    0.25    1.78 ^ _0853_/Y (sky130_fd_sc_hd__nor2b_1)
                                         _0293_ (net)
                  0.19    0.00    1.78 ^ _0854_/S (sky130_fd_sc_hd__mux2i_1)
     1    0.01    0.29    0.34    2.12 ^ _0854_/Y (sky130_fd_sc_hd__mux2i_1)
                                         _0294_ (net)
                  0.29    0.00    2.12 ^ _0859_/A1 (sky130_fd_sc_hd__o21ai_1)
     1    0.01    0.09    0.14    2.26 v _0859_/Y (sky130_fd_sc_hd__o21ai_1)
                                         _0299_ (net)
                  0.09    0.00    2.26 v _0860_/B1 (sky130_fd_sc_hd__a311o_1)
     1    0.02    0.11    0.40    2.66 v _0860_/X (sky130_fd_sc_hd__a311o_1)
                                         _0300_ (net)
                  0.11    0.00    2.66 v _0872_/B (sky130_fd_sc_hd__nor4_1)
     1    0.02    0.71    0.65    3.31 ^ _0872_/Y (sky130_fd_sc_hd__nor4_1)
                                         _0312_ (net)
                  0.71    0.00    3.31 ^ _0911_/A2 (sky130_fd_sc_hd__a41oi_1)
     1    0.01    0.19    0.25    3.56 v _0911_/Y (sky130_fd_sc_hd__a41oi_1)
                                         _0001_[2] (net)
                  0.19    0.00    3.56 v lut_stage2[2]$_DFF_P_/D (sky130_fd_sc_hd__dfxtp_1)
                                  3.56   data arrival time

                          4.50    4.50   clock clk (rise edge)
                          0.00    4.50   clock source latency
     1    0.03    0.00    0.00    4.50 ^ clk (in)
                                         clk (net)
                  0.00    0.00    4.50 ^ clkbuf_0_clk/A (sky130_fd_sc_hd__clkbuf_16)
     4    0.06    0.08    0.14    4.64 ^ clkbuf_0_clk/X (sky130_fd_sc_hd__clkbuf_16)
                                         clknet_0_clk (net)
                  0.08    0.00    4.64 ^ clkbuf_2_0__f_clk/A (sky130_fd_sc_hd__clkbuf_16)
    11    0.06    0.08    0.17    4.81 ^ clkbuf_2_0__f_clk/X (sky130_fd_sc_hd__clkbuf_16)
                                         clknet_2_0__leaf_clk (net)
                  0.08    0.00    4.81 ^ lut_stage2[2]$_DFF_P_/CLK (sky130_fd_sc_hd__dfxtp_1)
                          0.00    4.81   clock reconvergence pessimism
                         -0.17    4.65   library setup time
                                  4.65   data required time
-----------------------------------------------------------------------------
                                  4.65   data required time
                                 -3.56   data arrival time
-----------------------------------------------------------------------------
                                  1.09   slack (MET)



==========================================================================
global route report_checks -unconstrained
--------------------------------------------------------------------------
Startpoint: x_stage1[2]$_DFF_P_ (rising edge-triggered flip-flop clocked by clk)
Endpoint: lut_stage2[2]$_DFF_P_ (rising edge-triggered flip-flop clocked by clk)
Path Group: clk
Path Type: max

Fanout     Cap    Slew   Delay    Time   Description
-----------------------------------------------------------------------------
                          0.00    0.00   clock clk (rise edge)
                          0.00    0.00   clock source latency
     1    0.03    0.00    0.00    0.00 ^ clk (in)
                                         clk (net)
                  0.00    0.00    0.00 ^ clkbuf_0_clk/A (sky130_fd_sc_hd__clkbuf_16)
     4    0.06    0.08    0.14    0.14 ^ clkbuf_0_clk/X (sky130_fd_sc_hd__clkbuf_16)
                                         clknet_0_clk (net)
                  0.08    0.00    0.14 ^ clkbuf_2_0__f_clk/A (sky130_fd_sc_hd__clkbuf_16)
    11    0.06    0.08    0.17    0.31 ^ clkbuf_2_0__f_clk/X (sky130_fd_sc_hd__clkbuf_16)
                                         clknet_2_0__leaf_clk (net)
                  0.08    0.00    0.31 ^ x_stage1[2]$_DFF_P_/CLK (sky130_fd_sc_hd__dfxtp_2)
    32    0.15    0.72    0.80    1.12 ^ x_stage1[2]$_DFF_P_/Q (sky130_fd_sc_hd__dfxtp_2)
                                         x_stage1[2] (net)
                  0.72    0.01    1.12 ^ place67/A (sky130_fd_sc_hd__buf_4)
    21    0.10    0.27    0.40    1.52 ^ place67/X (sky130_fd_sc_hd__buf_4)
                                         net67 (net)
                  0.27    0.01    1.53 ^ _0853_/B_N (sky130_fd_sc_hd__nor2b_1)
     2    0.01    0.19    0.25    1.78 ^ _0853_/Y (sky130_fd_sc_hd__nor2b_1)
                                         _0293_ (net)
                  0.19    0.00    1.78 ^ _0854_/S (sky130_fd_sc_hd__mux2i_1)
     1    0.01    0.29    0.34    2.12 ^ _0854_/Y (sky130_fd_sc_hd__mux2i_1)
                                         _0294_ (net)
                  0.29    0.00    2.12 ^ _0859_/A1 (sky130_fd_sc_hd__o21ai_1)
     1    0.01    0.09    0.14    2.26 v _0859_/Y (sky130_fd_sc_hd__o21ai_1)
                                         _0299_ (net)
                  0.09    0.00    2.26 v _0860_/B1 (sky130_fd_sc_hd__a311o_1)
     1    0.02    0.11    0.40    2.66 v _0860_/X (sky130_fd_sc_hd__a311o_1)
                                         _0300_ (net)
                  0.11    0.00    2.66 v _0872_/B (sky130_fd_sc_hd__nor4_1)
     1    0.02    0.71    0.65    3.31 ^ _0872_/Y (sky130_fd_sc_hd__nor4_1)
                                         _0312_ (net)
                  0.71    0.00    3.31 ^ _0911_/A2 (sky130_fd_sc_hd__a41oi_1)
     1    0.01    0.19    0.25    3.56 v _0911_/Y (sky130_fd_sc_hd__a41oi_1)
                                         _0001_[2] (net)
                  0.19    0.00    3.56 v lut_stage2[2]$_DFF_P_/D (sky130_fd_sc_hd__dfxtp_1)
                                  3.56   data arrival time

                          4.50    4.50   clock clk (rise edge)
                          0.00    4.50   clock source latency
     1    0.03    0.00    0.00    4.50 ^ clk (in)
                                         clk (net)
                  0.00    0.00    4.50 ^ clkbuf_0_clk/A (sky130_fd_sc_hd__clkbuf_16)
     4    0.06    0.08    0.14    4.64 ^ clkbuf_0_clk/X (sky130_fd_sc_hd__clkbuf_16)
                                         clknet_0_clk (net)
                  0.08    0.00    4.64 ^ clkbuf_2_0__f_clk/A (sky130_fd_sc_hd__clkbuf_16)
    11    0.06    0.08    0.17    4.81 ^ clkbuf_2_0__f_clk/X (sky130_fd_sc_hd__clkbuf_16)
                                         clknet_2_0__leaf_clk (net)
                  0.08    0.00    4.81 ^ lut_stage2[2]$_DFF_P_/CLK (sky130_fd_sc_hd__dfxtp_1)
                          0.00    4.81   clock reconvergence pessimism
                         -0.17    4.65   library setup time
                                  4.65   data required time
-----------------------------------------------------------------------------
                                  4.65   data required time
                                 -3.56   data arrival time
-----------------------------------------------------------------------------
                                  1.09   slack (MET)



==========================================================================
global route report_check_types -max_slew -max_cap -max_fanout -violators
--------------------------------------------------------------------------

==========================================================================
global route max_slew_check_slack
--------------------------------------------------------------------------
0.6482041478157043

==========================================================================
global route max_slew_check_limit
--------------------------------------------------------------------------
1.4983880519866943

==========================================================================
global route max_slew_check_slack_limit
--------------------------------------------------------------------------
0.4326

==========================================================================
global route max_fanout_check_slack
--------------------------------------------------------------------------
1.0000000150474662e+30

==========================================================================
global route max_fanout_check_limit
--------------------------------------------------------------------------
1.0000000150474662e+30

==========================================================================
global route max_capacitance_check_slack
--------------------------------------------------------------------------
0.014910656027495861

==========================================================================
global route max_capacitance_check_limit
--------------------------------------------------------------------------
0.021067000925540924

==========================================================================
global route max_capacitance_check_slack_limit
--------------------------------------------------------------------------
0.7078

==========================================================================
global route max_slew_violation_count
--------------------------------------------------------------------------
max slew violation count 0

==========================================================================
global route max_fanout_violation_count
--------------------------------------------------------------------------
max fanout violation count 0

==========================================================================
global route max_cap_violation_count
--------------------------------------------------------------------------
max cap violation count 0

==========================================================================
global route setup_violation_count
--------------------------------------------------------------------------
setup violation count 0

==========================================================================
global route hold_violation_count
--------------------------------------------------------------------------
hold violation count 0

==========================================================================
global route report_checks -path_delay max reg to reg
--------------------------------------------------------------------------
Startpoint: x_stage1[2]$_DFF_P_ (rising edge-triggered flip-flop clocked by clk)
Endpoint: lut_stage2[2]$_DFF_P_ (rising edge-triggered flip-flop clocked by clk)
Path Group: clk
Path Type: max

  Delay    Time   Description
---------------------------------------------------------
   0.00    0.00   clock clk (rise edge)
   0.00    0.00   clock source latency
   0.00    0.00 ^ clk (in)
   0.14    0.14 ^ clkbuf_0_clk/X (sky130_fd_sc_hd__clkbuf_16)
   0.17    0.31 ^ clkbuf_2_0__f_clk/X (sky130_fd_sc_hd__clkbuf_16)
   0.00    0.31 ^ x_stage1[2]$_DFF_P_/CLK (sky130_fd_sc_hd__dfxtp_2)
   0.80    1.12 ^ x_stage1[2]$_DFF_P_/Q (sky130_fd_sc_hd__dfxtp_2)
   0.41    1.52 ^ place67/X (sky130_fd_sc_hd__buf_4)
   0.25    1.78 ^ _0853_/Y (sky130_fd_sc_hd__nor2b_1)
   0.34    2.12 ^ _0854_/Y (sky130_fd_sc_hd__mux2i_1)
   0.14    2.26 v _0859_/Y (sky130_fd_sc_hd__o21ai_1)
   0.40    2.66 v _0860_/X (sky130_fd_sc_hd__a311o_1)
   0.65    3.31 ^ _0872_/Y (sky130_fd_sc_hd__nor4_1)
   0.25    3.56 v _0911_/Y (sky130_fd_sc_hd__a41oi_1)
   0.00    3.56 v lut_stage2[2]$_DFF_P_/D (sky130_fd_sc_hd__dfxtp_1)
           3.56   data arrival time

   4.50    4.50   clock clk (rise edge)
   0.00    4.50   clock source latency
   0.00    4.50 ^ clk (in)
   0.14    4.64 ^ clkbuf_0_clk/X (sky130_fd_sc_hd__clkbuf_16)
   0.17    4.81 ^ clkbuf_2_0__f_clk/X (sky130_fd_sc_hd__clkbuf_16)
   0.00    4.81 ^ lut_stage2[2]$_DFF_P_/CLK (sky130_fd_sc_hd__dfxtp_1)
   0.00    4.81   clock reconvergence pessimism
  -0.17    4.65   library setup time
           4.65   data required time
---------------------------------------------------------
           4.65   data required time
          -3.56   data arrival time
---------------------------------------------------------
           1.09   slack (MET)



==========================================================================
global route report_checks -path_delay min reg to reg
--------------------------------------------------------------------------
Startpoint: lut_stage2[12]$_DFF_P_
            (rising edge-triggered flip-flop clocked by clk)
Endpoint: lut_stage2[12]$_DFF_P_
          (rising edge-triggered flip-flop clocked by clk)
Path Group: clk
Path Type: min

  Delay    Time   Description
---------------------------------------------------------
   0.00    0.00   clock clk (rise edge)
   0.00    0.00   clock source latency
   0.00    0.00 ^ clk (in)
   0.14    0.14 ^ clkbuf_0_clk/X (sky130_fd_sc_hd__clkbuf_16)
   0.17    0.31 ^ clkbuf_2_2__f_clk/X (sky130_fd_sc_hd__clkbuf_16)
   0.00    0.31 ^ lut_stage2[12]$_DFF_P_/CLK (sky130_fd_sc_hd__dfxtp_1)
   0.34    0.65 ^ lut_stage2[12]$_DFF_P_/Q (sky130_fd_sc_hd__dfxtp_1)
   0.13    0.77 ^ _1084_/X (sky130_fd_sc_hd__and2_1)
   0.00    0.77 ^ lut_stage2[12]$_DFF_P_/D (sky130_fd_sc_hd__dfxtp_1)
           0.77   data arrival time

   0.00    0.00   clock clk (rise edge)
   0.00    0.00   clock source latency
   0.00    0.00 ^ clk (in)
   0.14    0.14 ^ clkbuf_0_clk/X (sky130_fd_sc_hd__clkbuf_16)
   0.17    0.31 ^ clkbuf_2_2__f_clk/X (sky130_fd_sc_hd__clkbuf_16)
   0.00    0.31 ^ lut_stage2[12]$_DFF_P_/CLK (sky130_fd_sc_hd__dfxtp_1)
   0.00    0.31   clock reconvergence pessimism
  -0.03    0.28   library hold time
           0.28   data required time
---------------------------------------------------------
           0.28   data required time
          -0.77   data arrival time
---------------------------------------------------------
           0.49   slack (MET)



==========================================================================
global route critical path target clock latency max path
--------------------------------------------------------------------------
0.3147

==========================================================================
global route critical path target clock latency min path
--------------------------------------------------------------------------
0.3098

==========================================================================
global route critical path source clock latency min path
--------------------------------------------------------------------------
0.0000

==========================================================================
global route critical path delay
--------------------------------------------------------------------------
3.5630

==========================================================================
global route critical path slack
--------------------------------------------------------------------------
1.0866

==========================================================================
global route slack div critical path delay
--------------------------------------------------------------------------
30.496772

==========================================================================
global route report_power
--------------------------------------------------------------------------
Group                  Internal  Switching    Leakage      Total
                          Power      Power      Power      Power (Watts)
----------------------------------------------------------------
Sequential             3.83e-04   3.39e-05   3.44e-10   4.17e-04  31.1%
Combinational          1.19e-04   2.86e-04   1.17e-09   4.04e-04  30.1%
Clock                  3.20e-04   2.00e-04   9.40e-11   5.21e-04  38.8%
Macro                  0.00e+00   0.00e+00   0.00e+00   0.00e+00   0.0%
Pad                    0.00e+00   0.00e+00   0.00e+00   0.00e+00   0.0%
----------------------------------------------------------------
Total                  8.22e-04   5.20e-04   1.61e-09   1.34e-03 100.0%
                          61.3%      38.7%       0.0%
