
==========================================================================
cts final report_tns
--------------------------------------------------------------------------
tns max 0.00

==========================================================================
cts final report_wns
--------------------------------------------------------------------------
wns max 0.00

==========================================================================
cts final report_worst_slack
--------------------------------------------------------------------------
worst slack max 1.14

==========================================================================
cts final report_clock_min_period
--------------------------------------------------------------------------
clk period_min = 3.36 fmax = 297.18

==========================================================================
cts final report_clock_skew
--------------------------------------------------------------------------
Clock clk
   0.31 source latency x_stage1[3]$_DFF_P_/CLK ^
  -0.29 target latency lut_stage2[6]$_DFF_P_/CLK ^
   0.00 CRPR
--------------
   0.02 setup skew


==========================================================================
cts final report_checks -path_delay min
--------------------------------------------------------------------------
Startpoint: x_in[7] (input port clocked by clk)
Endpoint: x_stage1[7]$_DFF_P_ (rising edge-triggered flip-flop clocked by clk)
Path Group: clk
Path Type: min

Fanout     Cap    Slew   Delay    Time   Description
-----------------------------------------------------------------------------
                          0.00    0.00   clock clk (rise edge)
                          0.00    0.00   clock network delay (propagated)
                          0.00    0.00 v input external delay
     1    0.00    0.00    0.00    0.00 v x_in[7] (in)
                                         x_in[7] (net)
                  0.00    0.00    0.00 v input10/A (sky130_fd_sc_hd__clkdlybuf4s50_1)
     1    0.00    0.05    0.39    0.39 v input10/X (sky130_fd_sc_hd__clkdlybuf4s50_1)
                                         net10 (net)
                  0.05    0.00    0.39 v _1103_/A1 (sky130_fd_sc_hd__mux2i_1)
     1    0.00    0.12    0.13    0.52 ^ _1103_/Y (sky130_fd_sc_hd__mux2i_1)
                                         _0523_ (net)
                  0.12    0.00    0.52 ^ _1104_/B (sky130_fd_sc_hd__nor2_1)
     1    0.00    0.03    0.05    0.57 v _1104_/Y (sky130_fd_sc_hd__nor2_1)
                                         _0004_[7] (net)
                  0.03    0.00    0.57 v x_stage1[7]$_DFF_P_/D (sky130_fd_sc_hd__dfxtp_1)
                                  0.57   data arrival time

                          0.00    0.00   clock clk (rise edge)
                          0.00    0.00   clock source latency
     1    0.03    0.00    0.00    0.00 ^ clk (in)
                                         clk (net)
                  0.00    0.00    0.00 ^ clkbuf_0_clk/A (sky130_fd_sc_hd__clkbuf_16)
     4    0.06    0.08    0.14    0.14 ^ clkbuf_0_clk/X (sky130_fd_sc_hd__clkbuf_16)
                                         clknet_0_clk (net)
                  0.08    0.00    0.14 ^ clkbuf_2_1__f_clk/A (sky130_fd_sc_hd__clkbuf_16)
    14    0.06    0.07    0.16    0.31 ^ clkbuf_2_1__f_clk/X (sky130_fd_sc_hd__clkbuf_16)
                                         clknet_2_1__leaf_clk (net)
                  0.07    0.00    0.31 ^ x_stage1[7]$_DFF_P_/CLK (sky130_fd_sc_hd__dfxtp_1)
                          0.00    0.31   clock reconvergence pessimism
                         -0.04    0.26   library hold time
                                  0.26   data required time
-----------------------------------------------------------------------------
                                  0.26   data required time
                                 -0.57   data arrival time
-----------------------------------------------------------------------------
                                  0.31   slack (MET)



==========================================================================
cts final report_checks -path_delay max
--------------------------------------------------------------------------
Startpoint: x_stage1[2]$_DFF_P_ (rising edge-triggered flip-flop clocked by clk)
Endpoint: lut_stage2[2]$_DFF_P_ (rising edge-triggered flip-flop clocked by clk)
Path Group: clk
Path Type: max

Fanout     Cap    Slew   Delay    Time   Description
-----------------------------------------------------------------------------
                          0.00    0.00   clock clk (rise edge)
                          0.00    0.00   clock source latency
     1    0.03    0.00    0.00    0.00 ^ clk (in)
                                         clk (net)
                  0.00    0.00    0.00 ^ clkbuf_0_clk/A (sky130_fd_sc_hd__clkbuf_16)
     4    0.06    0.08    0.14    0.14 ^ clkbuf_0_clk/X (sky130_fd_sc_hd__clkbuf_16)
                                         clknet_0_clk (net)
                  0.08    0.00    0.14 ^ clkbuf_2_0__f_clk/A (sky130_fd_sc_hd__clkbuf_16)
    11    0.06    0.08    0.17    0.31 ^ clkbuf_2_0__f_clk/X (sky130_fd_sc_hd__clkbuf_16)
                                         clknet_2_0__leaf_clk (net)
                  0.08    0.00    0.31 ^ x_stage1[2]$_DFF_P_/CLK (sky130_fd_sc_hd__dfxtp_2)
    32    0.13    0.66    0.77    1.07 ^ x_stage1[2]$_DFF_P_/Q (sky130_fd_sc_hd__dfxtp_2)
                                         x_stage1[2] (net)
                  0.66    0.00    1.08 ^ place67/A (sky130_fd_sc_hd__buf_4)
    21    0.09    0.25    0.39    1.46 ^ place67/X (sky130_fd_sc_hd__buf_4)
                                         net67 (net)
                  0.25    0.00    1.47 ^ _0853_/B_N (sky130_fd_sc_hd__nor2b_1)
     2    0.01    0.18    0.24    1.70 ^ _0853_/Y (sky130_fd_sc_hd__nor2b_1)
                                         _0293_ (net)
                  0.18    0.00    1.70 ^ _0854_/S (sky130_fd_sc_hd__mux2i_1)
     1    0.01    0.29    0.34    2.04 ^ _0854_/Y (sky130_fd_sc_hd__mux2i_1)
                                         _0294_ (net)
                  0.29    0.00    2.04 ^ _0859_/A1 (sky130_fd_sc_hd__o21ai_1)
     1    0.00    0.08    0.13    2.17 v _0859_/Y (sky130_fd_sc_hd__o21ai_1)
                                         _0299_ (net)
                  0.08    0.00    2.17 v _0860_/B1 (sky130_fd_sc_hd__a311o_1)
     1    0.02    0.11    0.40    2.57 v _0860_/X (sky130_fd_sc_hd__a311o_1)
                                         _0300_ (net)
                  0.11    0.00    2.57 v _0872_/B (sky130_fd_sc_hd__nor4_1)
     1    0.02    0.74    0.68    3.25 ^ _0872_/Y (sky130_fd_sc_hd__nor4_1)
                                         _0312_ (net)
                  0.74    0.00    3.25 ^ _0911_/A2 (sky130_fd_sc_hd__a41oi_1)
     1    0.01    0.20    0.26    3.51 v _0911_/Y (sky130_fd_sc_hd__a41oi_1)
                                         _0001_[2] (net)
                  0.20    0.00    3.51 v lut_stage2[2]$_DFF_P_/D (sky130_fd_sc_hd__dfxtp_1)
                                  3.51   data arrival time

                          4.50    4.50   clock clk (rise edge)
                          0.00    4.50   clock source latency
     1    0.03    0.00    0.00    4.50 ^ clk (in)
                                         clk (net)
                  0.00    0.00    4.50 ^ clkbuf_0_clk/A (sky130_fd_sc_hd__clkbuf_16)
     4    0.06    0.08    0.14    4.64 ^ clkbuf_0_clk/X (sky130_fd_sc_hd__clkbuf_16)
                                         clknet_0_clk (net)
                  0.08    0.00    4.64 ^ clkbuf_2_0__f_clk/A (sky130_fd_sc_hd__clkbuf_16)
    11    0.06    0.08    0.17    4.81 ^ clkbuf_2_0__f_clk/X (sky130_fd_sc_hd__clkbuf_16)
                                         clknet_2_0__leaf_clk (net)
                  0.08    0.00    4.81 ^ lut_stage2[2]$_DFF_P_/CLK (sky130_fd_sc_hd__dfxtp_1)
                          0.00    4.81   clock reconvergence pessimism
                         -0.17    4.64   library setup time
                                  4.64   data required time
-----------------------------------------------------------------------------
                                  4.64   data required time
                                 -3.51   data arrival time
-----------------------------------------------------------------------------
                                  1.14   slack (MET)



==========================================================================
cts final report_checks -unconstrained
--------------------------------------------------------------------------
Startpoint: x_stage1[2]$_DFF_P_ (rising edge-triggered flip-flop clocked by clk)
Endpoint: lut_stage2[2]$_DFF_P_ (rising edge-triggered flip-flop clocked by clk)
Path Group: clk
Path Type: max

Fanout     Cap    Slew   Delay    Time   Description
-----------------------------------------------------------------------------
                          0.00    0.00   clock clk (rise edge)
                          0.00    0.00   clock source latency
     1    0.03    0.00    0.00    0.00 ^ clk (in)
                                         clk (net)
                  0.00    0.00    0.00 ^ clkbuf_0_clk/A (sky130_fd_sc_hd__clkbuf_16)
     4    0.06    0.08    0.14    0.14 ^ clkbuf_0_clk/X (sky130_fd_sc_hd__clkbuf_16)
                                         clknet_0_clk (net)
                  0.08    0.00    0.14 ^ clkbuf_2_0__f_clk/A (sky130_fd_sc_hd__clkbuf_16)
    11    0.06    0.08    0.17    0.31 ^ clkbuf_2_0__f_clk/X (sky130_fd_sc_hd__clkbuf_16)
                                         clknet_2_0__leaf_clk (net)
                  0.08    0.00    0.31 ^ x_stage1[2]$_DFF_P_/CLK (sky130_fd_sc_hd__dfxtp_2)
    32    0.13    0.66    0.77    1.07 ^ x_stage1[2]$_DFF_P_/Q (sky130_fd_sc_hd__dfxtp_2)
                                         x_stage1[2] (net)
                  0.66    0.00    1.08 ^ place67/A (sky130_fd_sc_hd__buf_4)
    21    0.09    0.25    0.39    1.46 ^ place67/X (sky130_fd_sc_hd__buf_4)
                                         net67 (net)
                  0.25    0.00    1.47 ^ _0853_/B_N (sky130_fd_sc_hd__nor2b_1)
     2    0.01    0.18    0.24    1.70 ^ _0853_/Y (sky130_fd_sc_hd__nor2b_1)
                                         _0293_ (net)
                  0.18    0.00    1.70 ^ _0854_/S (sky130_fd_sc_hd__mux2i_1)
     1    0.01    0.29    0.34    2.04 ^ _0854_/Y (sky130_fd_sc_hd__mux2i_1)
                                         _0294_ (net)
                  0.29    0.00    2.04 ^ _0859_/A1 (sky130_fd_sc_hd__o21ai_1)
     1    0.00    0.08    0.13    2.17 v _0859_/Y (sky130_fd_sc_hd__o21ai_1)
                                         _0299_ (net)
                  0.08    0.00    2.17 v _0860_/B1 (sky130_fd_sc_hd__a311o_1)
     1    0.02    0.11    0.40    2.57 v _0860_/X (sky130_fd_sc_hd__a311o_1)
                                         _0300_ (net)
                  0.11    0.00    2.57 v _0872_/B (sky130_fd_sc_hd__nor4_1)
     1    0.02    0.74    0.68    3.25 ^ _0872_/Y (sky130_fd_sc_hd__nor4_1)
                                         _0312_ (net)
                  0.74    0.00    3.25 ^ _0911_/A2 (sky130_fd_sc_hd__a41oi_1)
     1    0.01    0.20    0.26    3.51 v _0911_/Y (sky130_fd_sc_hd__a41oi_1)
                                         _0001_[2] (net)
                  0.20    0.00    3.51 v lut_stage2[2]$_DFF_P_/D (sky130_fd_sc_hd__dfxtp_1)
                                  3.51   data arrival time

                          4.50    4.50   clock clk (rise edge)
                          0.00    4.50   clock source latency
     1    0.03    0.00    0.00    4.50 ^ clk (in)
                                         clk (net)
                  0.00    0.00    4.50 ^ clkbuf_0_clk/A (sky130_fd_sc_hd__clkbuf_16)
     4    0.06    0.08    0.14    4.64 ^ clkbuf_0_clk/X (sky130_fd_sc_hd__clkbuf_16)
                                         clknet_0_clk (net)
                  0.08    0.00    4.64 ^ clkbuf_2_0__f_clk/A (sky130_fd_sc_hd__clkbuf_16)
    11    0.06    0.08    0.17    4.81 ^ clkbuf_2_0__f_clk/X (sky130_fd_sc_hd__clkbuf_16)
                                         clknet_2_0__leaf_clk (net)
                  0.08    0.00    4.81 ^ lut_stage2[2]$_DFF_P_/CLK (sky130_fd_sc_hd__dfxtp_1)
                          0.00    4.81   clock reconvergence pessimism
                         -0.17    4.64   library setup time
                                  4.64   data required time
-----------------------------------------------------------------------------
                                  4.64   data required time
                                 -3.51   data arrival time
-----------------------------------------------------------------------------
                                  1.14   slack (MET)



==========================================================================
cts final report_check_types -max_slew -max_cap -max_fanout -violators
--------------------------------------------------------------------------

==========================================================================
cts final max_slew_check_slack
--------------------------------------------------------------------------
0.7235540151596069

==========================================================================
cts final max_slew_check_limit
--------------------------------------------------------------------------
1.4983880519866943

==========================================================================
cts final max_slew_check_slack_limit
--------------------------------------------------------------------------
0.4829

==========================================================================
cts final max_fanout_check_slack
--------------------------------------------------------------------------
1.0000000150474662e+30

==========================================================================
cts final max_fanout_check_limit
--------------------------------------------------------------------------
1.0000000150474662e+30

==========================================================================
cts final max_capacitance_check_slack
--------------------------------------------------------------------------
0.016508055850863457

==========================================================================
cts final max_capacitance_check_limit
--------------------------------------------------------------------------
0.021067000925540924

==========================================================================
cts final max_capacitance_check_slack_limit
--------------------------------------------------------------------------
0.7836

==========================================================================
cts final max_slew_violation_count
--------------------------------------------------------------------------
max slew violation count 0

==========================================================================
cts final max_fanout_violation_count
--------------------------------------------------------------------------
max fanout violation count 0

==========================================================================
cts final max_cap_violation_count
--------------------------------------------------------------------------
max cap violation count 0

==========================================================================
cts final setup_violation_count
--------------------------------------------------------------------------
setup violation count 0

==========================================================================
cts final hold_violation_count
--------------------------------------------------------------------------
hold violation count 0

==========================================================================
cts final report_checks -path_delay max reg to reg
--------------------------------------------------------------------------
Startpoint: x_stage1[2]$_DFF_P_ (rising edge-triggered flip-flop clocked by clk)
Endpoint: lut_stage2[2]$_DFF_P_ (rising edge-triggered flip-flop clocked by clk)
Path Group: clk
Path Type: max

  Delay    Time   Description
---------------------------------------------------------
   0.00    0.00   clock clk (rise edge)
   0.00    0.00   clock source latency
   0.00    0.00 ^ clk (in)
   0.14    0.14 ^ clkbuf_0_clk/X (sky130_fd_sc_hd__clkbuf_16)
   0.17    0.31 ^ clkbuf_2_0__f_clk/X (sky130_fd_sc_hd__clkbuf_16)
   0.00    0.31 ^ x_stage1[2]$_DFF_P_/CLK (sky130_fd_sc_hd__dfxtp_2)
   0.77    1.07 ^ x_stage1[2]$_DFF_P_/Q (sky130_fd_sc_hd__dfxtp_2)
   0.39    1.46 ^ place67/X (sky130_fd_sc_hd__buf_4)
   0.24    1.70 ^ _0853_/Y (sky130_fd_sc_hd__nor2b_1)
   0.34    2.04 ^ _0854_/Y (sky130_fd_sc_hd__mux2i_1)
   0.13    2.17 v _0859_/Y (sky130_fd_sc_hd__o21ai_1)
   0.40    2.57 v _0860_/X (sky130_fd_sc_hd__a311o_1)
   0.68    3.25 ^ _0872_/Y (sky130_fd_sc_hd__nor4_1)
   0.26    3.51 v _0911_/Y (sky130_fd_sc_hd__a41oi_1)
   0.00    3.51 v lut_stage2[2]$_DFF_P_/D (sky130_fd_sc_hd__dfxtp_1)
           3.51   data arrival time

   4.50    4.50   clock clk (rise edge)
   0.00    4.50   clock source latency
   0.00    4.50 ^ clk (in)
   0.14    4.64 ^ clkbuf_0_clk/X (sky130_fd_sc_hd__clkbuf_16)
   0.17    4.81 ^ clkbuf_2_0__f_clk/X (sky130_fd_sc_hd__clkbuf_16)
   0.00    4.81 ^ lut_stage2[2]$_DFF_P_/CLK (sky130_fd_sc_hd__dfxtp_1)
   0.00    4.81   clock reconvergence pessimism
  -0.17    4.64   library setup time
           4.64   data required time
---------------------------------------------------------
           4.64   data required time
          -3.51   data arrival time
---------------------------------------------------------
           1.14   slack (MET)



==========================================================================
cts final report_checks -path_delay min reg to reg
--------------------------------------------------------------------------
Startpoint: lut_stage2[13]$_DFF_P_
            (rising edge-triggered flip-flop clocked by clk)
Endpoint: lut_stage2[13]$_DFF_P_
          (rising edge-triggered flip-flop clocked by clk)
Path Group: clk
Path Type: min

  Delay    Time   Description
---------------------------------------------------------
   0.00    0.00   clock clk (rise edge)
   0.00    0.00   clock source latency
   0.00    0.00 ^ clk (in)
   0.14    0.14 ^ clkbuf_0_clk/X (sky130_fd_sc_hd__clkbuf_16)
   0.15    0.29 ^ clkbuf_2_3__f_clk/X (sky130_fd_sc_hd__clkbuf_16)
   0.00    0.29 ^ lut_stage2[13]$_DFF_P_/CLK (sky130_fd_sc_hd__dfxtp_1)
   0.33    0.62 ^ lut_stage2[13]$_DFF_P_/Q (sky130_fd_sc_hd__dfxtp_1)
   0.11    0.73 ^ _1085_/X (sky130_fd_sc_hd__and2_1)
   0.00    0.73 ^ lut_stage2[13]$_DFF_P_/D (sky130_fd_sc_hd__dfxtp_1)
           0.73   data arrival time

   0.00    0.00   clock clk (rise edge)
   0.00    0.00   clock source latency
   0.00    0.00 ^ clk (in)
   0.14    0.14 ^ clkbuf_0_clk/X (sky130_fd_sc_hd__clkbuf_16)
   0.15    0.29 ^ clkbuf_2_3__f_clk/X (sky130_fd_sc_hd__clkbuf_16)
   0.00    0.29 ^ lut_stage2[13]$_DFF_P_/CLK (sky130_fd_sc_hd__dfxtp_1)
   0.00    0.29   clock reconvergence pessimism
  -0.03    0.27   library hold time
           0.27   data required time
---------------------------------------------------------
           0.27   data required time
          -0.73   data arrival time
---------------------------------------------------------
           0.47   slack (MET)



==========================================================================
cts final critical path target clock latency max path
--------------------------------------------------------------------------
0.3100

==========================================================================
cts final critical path target clock latency min path
--------------------------------------------------------------------------
0.3073

==========================================================================
cts final critical path source clock latency min path
--------------------------------------------------------------------------
0.0000

==========================================================================
cts final critical path delay
--------------------------------------------------------------------------
3.5057

==========================================================================
cts final critical path slack
--------------------------------------------------------------------------
1.1351

==========================================================================
cts final slack div critical path delay
--------------------------------------------------------------------------
32.378698

==========================================================================
cts final report_power
--------------------------------------------------------------------------
Group                  Internal  Switching    Leakage      Total
                          Power      Power      Power      Power (Watts)
----------------------------------------------------------------
Sequential             3.83e-04   3.09e-05   3.44e-10   4.14e-04  31.9%
Combinational          1.18e-04   2.56e-04   1.17e-09   3.75e-04  28.8%
Clock                  3.20e-04   1.91e-04   9.40e-11   5.11e-04  39.3%
Macro                  0.00e+00   0.00e+00   0.00e+00   0.00e+00   0.0%
Pad                    0.00e+00   0.00e+00   0.00e+00   0.00e+00   0.0%
----------------------------------------------------------------
Total                  8.22e-04   4.78e-04   1.61e-09   1.30e-03 100.0%
                          63.2%      36.8%       0.0%
