
==========================================================================
finish report_tns
--------------------------------------------------------------------------
tns max 0.00

==========================================================================
finish report_wns
--------------------------------------------------------------------------
wns max 0.00

==========================================================================
finish report_worst_slack
--------------------------------------------------------------------------
worst slack max 0.57

==========================================================================
finish report_clock_min_period
--------------------------------------------------------------------------
clk period_min = 7.43 fmax = 134.68

==========================================================================
finish report_clock_skew
--------------------------------------------------------------------------
Clock clk
   0.61 source latency state[2][6]$_DFF_P_/CLK ^
  -0.83 target latency state[1][15]$_DFF_P_/CLK ^
   0.00 CRPR
--------------
  -0.22 setup skew


==========================================================================
finish report_checks -path_delay min
--------------------------------------------------------------------------
Startpoint: x_in[15] (input port clocked by clk)
Endpoint: state[3][35]$_DFF_P_ (rising edge-triggered flip-flop clocked by clk)
Path Group: clk
Path Type: min

Fanout     Cap    Slew   Delay    Time   Description
-----------------------------------------------------------------------------
                          0.00    0.00   clock clk (rise edge)
                          0.00    0.00   clock network delay (propagated)
                          0.00    0.00 v input external delay
     1    0.02    0.00    0.00    0.00 v x_in[15] (in)
                                         x_in[15] (net)
                  0.00    0.00    0.00 v input136/A (sky130_fd_sc_hd__buf_6)
    11    0.19    0.16    0.18    0.18 v input136/X (sky130_fd_sc_hd__buf_6)
                                         net136 (net)
                  0.17    0.03    0.20 v _21286_/B (sky130_fd_sc_hd__nand2_1)
     2    0.01    0.08    0.15    0.35 ^ _21286_/Y (sky130_fd_sc_hd__nand2_1)
                                         _14983_ (net)
                  0.08    0.00    0.35 ^ place1052/A (sky130_fd_sc_hd__buf_4)
     4    0.05    0.15    0.20    0.55 ^ place1052/X (sky130_fd_sc_hd__buf_4)
                                         net1052 (net)
                  0.15    0.01    0.55 ^ _24193_/A (sky130_fd_sc_hd__xnor2_1)
     1    0.01    0.06    0.11    0.67 v _24193_/Y (sky130_fd_sc_hd__xnor2_1)
                                         _18784_ (net)
                  0.06    0.00    0.67 v _24205_/A (sky130_fd_sc_hd__xnor2_1)
     1    0.00    0.04    0.13    0.80 v _24205_/Y (sky130_fd_sc_hd__xnor2_1)
                                         _18796_ (net)
                  0.04    0.00    0.80 v _24206_/B (sky130_fd_sc_hd__nor2_1)
     1    0.00    0.07    0.08    0.88 ^ _24206_/Y (sky130_fd_sc_hd__nor2_1)
                                         _00003_[35] (net)
                  0.07    0.00    0.88 ^ state[3][35]$_DFF_P_/D (sky130_fd_sc_hd__dfxtp_1)
                                  0.88   data arrival time

                          0.00    0.00   clock clk (rise edge)
                          0.00    0.00   clock source latency
     2    0.09    0.00    0.00    0.00 ^ clk (in)
                                         clk (net)
                  0.01    0.00    0.00 ^ clkbuf_0_clk/A (sky130_fd_sc_hd__clkbuf_16)
     4    0.14    0.15    0.20    0.20 ^ clkbuf_0_clk/X (sky130_fd_sc_hd__clkbuf_16)
                                         clknet_0_clk (net)
                  0.15    0.00    0.20 ^ clkbuf_2_1_0_clk/A (sky130_fd_sc_hd__clkbuf_16)
     2    0.05    0.06    0.18    0.39 ^ clkbuf_2_1_0_clk/X (sky130_fd_sc_hd__clkbuf_16)
                                         clknet_2_1_0_clk (net)
                  0.06    0.00    0.39 ^ clkbuf_3_2__f_clk/A (sky130_fd_sc_hd__clkbuf_16)
     9    0.13    0.14    0.21    0.60 ^ clkbuf_3_2__f_clk/X (sky130_fd_sc_hd__clkbuf_16)
                                         clknet_3_2__leaf_clk (net)
                  0.14    0.01    0.61 ^ clkbuf_leaf_17_clk/A (sky130_fd_sc_hd__clkbuf_16)
     3    0.01    0.04    0.15    0.76 ^ clkbuf_leaf_17_clk/X (sky130_fd_sc_hd__clkbuf_16)
                                         clknet_leaf_17_clk (net)
                  0.04    0.00    0.76 ^ state[3][35]$_DFF_P_/CLK (sky130_fd_sc_hd__dfxtp_1)
                          0.00    0.76   clock reconvergence pessimism
                         -0.04    0.73   library hold time
                                  0.73   data required time
-----------------------------------------------------------------------------
                                  0.73   data required time
                                 -0.88   data arrival time
-----------------------------------------------------------------------------
                                  0.15   slack (MET)



==========================================================================
finish report_checks -path_delay max
--------------------------------------------------------------------------
Startpoint: state[1][17]$_DFF_P_
            (rising edge-triggered flip-flop clocked by clk)
Endpoint: state[0][35]$_DFF_P_ (rising edge-triggered flip-flop clocked by clk)
Path Group: clk
Path Type: max

Fanout     Cap    Slew   Delay    Time   Description
-----------------------------------------------------------------------------
                          0.00    0.00   clock clk (rise edge)
                          0.00    0.00   clock source latency
     2    0.09    0.00    0.00    0.00 ^ clk (in)
                                         clk (net)
                  0.01    0.00    0.00 ^ clkbuf_0_clk/A (sky130_fd_sc_hd__clkbuf_16)
     4    0.14    0.15    0.20    0.20 ^ clkbuf_0_clk/X (sky130_fd_sc_hd__clkbuf_16)
                                         clknet_0_clk (net)
                  0.15    0.00    0.21 ^ clkbuf_2_2_0_clk/A (sky130_fd_sc_hd__clkbuf_16)
     2    0.04    0.06    0.18    0.38 ^ clkbuf_2_2_0_clk/X (sky130_fd_sc_hd__clkbuf_16)
                                         clknet_2_2_0_clk (net)
                  0.06    0.00    0.38 ^ clkbuf_3_5__f_clk/A (sky130_fd_sc_hd__clkbuf_16)
    12    0.19    0.20    0.25    0.63 ^ clkbuf_3_5__f_clk/X (sky130_fd_sc_hd__clkbuf_16)
                                         clknet_3_5__leaf_clk (net)
                  0.20    0.02    0.65 ^ clkbuf_leaf_60_clk/A (sky130_fd_sc_hd__clkbuf_16)
     4    0.02    0.04    0.18    0.83 ^ clkbuf_leaf_60_clk/X (sky130_fd_sc_hd__clkbuf_16)
                                         clknet_leaf_60_clk (net)
                  0.04    0.00    0.83 ^ state[1][17]$_DFF_P_/CLK (sky130_fd_sc_hd__dfxtp_1)
     1    0.01    0.06    0.32    1.15 v state[1][17]$_DFF_P_/Q (sky130_fd_sc_hd__dfxtp_1)
                                         state[1][17] (net)
                  0.06    0.00    1.15 v _29175_/B (sky130_fd_sc_hd__fa_1)
     1    0.00    0.06    0.51    1.66 ^ _29175_/SUM (sky130_fd_sc_hd__fa_1)
                                         _05856_ (net)
                  0.06    0.00    1.66 ^ _21980_/A (sky130_fd_sc_hd__inv_1)
     1    0.01    0.04    0.06    1.72 v _21980_/Y (sky130_fd_sc_hd__inv_1)
                                         _18113_ (net)
                  0.04    0.00    1.72 v _29177_/A (sky130_fd_sc_hd__fa_1)
     1    0.00    0.06    0.53    2.25 ^ _29177_/SUM (sky130_fd_sc_hd__fa_1)
                                         _18115_ (net)
                  0.06    0.00    2.25 ^ _25228_/A (sky130_fd_sc_hd__inv_1)
     1    0.01    0.04    0.06    2.31 v _25228_/Y (sky130_fd_sc_hd__inv_1)
                                         _05867_ (net)
                  0.04    0.00    2.31 v _29180_/A (sky130_fd_sc_hd__fa_1)
     1    0.01    0.11    0.51    2.82 v _29180_/SUM (sky130_fd_sc_hd__fa_1)
                                         _05886_ (net)
                  0.11    0.00    2.82 v _29185_/A (sky130_fd_sc_hd__fa_1)
     1    0.01    0.11    0.53    3.35 v _29185_/SUM (sky130_fd_sc_hd__fa_1)
                                         _05914_ (net)
                  0.11    0.00    3.35 v _29188_/A (sky130_fd_sc_hd__fa_1)
     1    0.01    0.10    0.52    3.87 v _29188_/SUM (sky130_fd_sc_hd__fa_1)
                                         _05937_ (net)
                  0.10    0.00    3.87 v _29189_/A (sky130_fd_sc_hd__fa_1)
     1    0.01    0.09    0.51    4.38 v _29189_/SUM (sky130_fd_sc_hd__fa_1)
                                         _05944_ (net)
                  0.09    0.00    4.38 v _29920_/A (sky130_fd_sc_hd__ha_1)
     2    0.01    0.05    0.22    4.61 v _29920_/COUT (sky130_fd_sc_hd__ha_1)
                                         _06049_ (net)
                  0.05    0.00    4.61 v _21370_/A (sky130_fd_sc_hd__or3_1)
     1    0.01    0.10    0.41    5.02 v _21370_/X (sky130_fd_sc_hd__or3_1)
                                         _19110_ (net)
                  0.10    0.00    5.02 v _21378_/B1 (sky130_fd_sc_hd__a211oi_1)
     1    0.02    0.55    0.51    5.53 ^ _21378_/Y (sky130_fd_sc_hd__a211oi_1)
                                         _19118_ (net)
                  0.55    0.00    5.53 ^ place812/A (sky130_fd_sc_hd__buf_4)
     2    0.01    0.05    0.22    5.75 ^ place812/X (sky130_fd_sc_hd__buf_4)
                                         net812 (net)
                  0.05    0.00    5.75 ^ _21390_/A1 (sky130_fd_sc_hd__o21ai_0)
     1    0.00    0.08    0.10    5.84 v _21390_/Y (sky130_fd_sc_hd__o21ai_0)
                                         _06587_ (net)
                  0.08    0.00    5.84 v place805/A (sky130_fd_sc_hd__buf_4)
     3    0.03    0.05    0.17    6.01 v place805/X (sky130_fd_sc_hd__buf_4)
                                         net805 (net)
                  0.05    0.00    6.02 v _21393_/A4 (sky130_fd_sc_hd__a41o_1)
     2    0.01    0.07    0.27    6.28 v _21393_/X (sky130_fd_sc_hd__a41o_1)
                                         _19132_ (net)
                  0.07    0.00    6.28 v _21657_/A1 (sky130_fd_sc_hd__a21oi_1)
     2    0.01    0.19    0.19    6.48 ^ _21657_/Y (sky130_fd_sc_hd__a21oi_1)
                                         _19240_ (net)
                  0.19    0.00    6.48 ^ _21662_/A1 (sky130_fd_sc_hd__a211o_1)
     2    0.01    0.07    0.17    6.65 ^ _21662_/X (sky130_fd_sc_hd__a211o_1)
                                         _07065_ (net)
                  0.07    0.00    6.65 ^ _21665_/A1 (sky130_fd_sc_hd__o21ai_0)
     1    0.01    0.11    0.13    6.77 v _21665_/Y (sky130_fd_sc_hd__o21ai_0)
                                         _07141_ (net)
                  0.11    0.00    6.77 v _29383_/B (sky130_fd_sc_hd__fa_1)
     1    0.01    0.09    0.43    7.20 v _29383_/COUT (sky130_fd_sc_hd__fa_1)
                                         _18338_ (net)
                  0.09    0.00    7.20 v _23738_/A (sky130_fd_sc_hd__xnor2_1)
     1    0.00    0.15    0.19    7.39 ^ _23738_/Y (sky130_fd_sc_hd__xnor2_1)
                                         _18724_ (net)
                  0.15    0.00    7.39 ^ _23739_/B (sky130_fd_sc_hd__xnor2_1)
     1    0.01    0.16    0.15    7.54 ^ _23739_/Y (sky130_fd_sc_hd__xnor2_1)
                                         _18725_ (net)
                  0.16    0.00    7.54 ^ _23740_/B (sky130_fd_sc_hd__xnor2_1)
     1    0.01    0.16    0.15    7.70 ^ _23740_/Y (sky130_fd_sc_hd__xnor2_1)
                                         _18726_ (net)
                  0.16    0.00    7.70 ^ _23745_/A (sky130_fd_sc_hd__xnor2_1)
     1    0.01    0.16    0.15    7.85 ^ _23745_/Y (sky130_fd_sc_hd__xnor2_1)
                                         _18730_ (net)
                  0.16    0.00    7.85 ^ _23746_/B (sky130_fd_sc_hd__xnor2_1)
     1    0.00    0.11    0.13    7.99 ^ _23746_/Y (sky130_fd_sc_hd__xnor2_1)
                                         _18731_ (net)
                  0.11    0.00    7.99 ^ _23747_/B (sky130_fd_sc_hd__nor2_1)
     1    0.01    0.11    0.07    8.05 v _23747_/Y (sky130_fd_sc_hd__nor2_1)
                                         _00000_[35] (net)
                  0.11    0.00    8.05 v state[0][35]$_DFF_P_/D (sky130_fd_sc_hd__dfxtp_1)
                                  8.05   data arrival time

                          8.00    8.00   clock clk (rise edge)
                          0.00    8.00   clock source latency
     2    0.09    0.00    0.00    8.00 ^ clk (in)
                                         clk (net)
                  0.01    0.00    8.00 ^ clkbuf_0_clk/A (sky130_fd_sc_hd__clkbuf_16)
     4    0.14    0.15    0.20    8.20 ^ clkbuf_0_clk/X (sky130_fd_sc_hd__clkbuf_16)
                                         clknet_0_clk (net)
                  0.15    0.00    8.20 ^ clkbuf_2_3_0_clk/A (sky130_fd_sc_hd__clkbuf_16)
     2    0.04    0.06    0.18    8.38 ^ clkbuf_2_3_0_clk/X (sky130_fd_sc_hd__clkbuf_16)
                                         clknet_2_3_0_clk (net)
                  0.06    0.00    8.38 ^ clkbuf_3_6__f_clk/A (sky130_fd_sc_hd__clkbuf_16)
    12    0.15    0.16    0.22    8.60 ^ clkbuf_3_6__f_clk/X (sky130_fd_sc_hd__clkbuf_16)
                                         clknet_3_6__leaf_clk (net)
                  0.16    0.01    8.61 ^ clkbuf_leaf_45_clk/A (sky130_fd_sc_hd__clkbuf_16)
     4    0.01    0.04    0.16    8.77 ^ clkbuf_leaf_45_clk/X (sky130_fd_sc_hd__clkbuf_16)
                                         clknet_leaf_45_clk (net)
                  0.04    0.00    8.77 ^ state[0][35]$_DFF_P_/CLK (sky130_fd_sc_hd__dfxtp_1)
                          0.00    8.77   clock reconvergence pessimism
                         -0.14    8.63   library setup time
                                  8.63   data required time
-----------------------------------------------------------------------------
                                  8.63   data required time
                                 -8.05   data arrival time
-----------------------------------------------------------------------------
                                  0.57   slack (MET)



==========================================================================
finish report_checks -unconstrained
--------------------------------------------------------------------------
Startpoint: state[1][17]$_DFF_P_
            (rising edge-triggered flip-flop clocked by clk)
Endpoint: state[0][35]$_DFF_P_ (rising edge-triggered flip-flop clocked by clk)
Path Group: clk
Path Type: max

Fanout     Cap    Slew   Delay    Time   Description
-----------------------------------------------------------------------------
                          0.00    0.00   clock clk (rise edge)
                          0.00    0.00   clock source latency
     2    0.09    0.00    0.00    0.00 ^ clk (in)
                                         clk (net)
                  0.01    0.00    0.00 ^ clkbuf_0_clk/A (sky130_fd_sc_hd__clkbuf_16)
     4    0.14    0.15    0.20    0.20 ^ clkbuf_0_clk/X (sky130_fd_sc_hd__clkbuf_16)
                                         clknet_0_clk (net)
                  0.15    0.00    0.21 ^ clkbuf_2_2_0_clk/A (sky130_fd_sc_hd__clkbuf_16)
     2    0.04    0.06    0.18    0.38 ^ clkbuf_2_2_0_clk/X (sky130_fd_sc_hd__clkbuf_16)
                                         clknet_2_2_0_clk (net)
                  0.06    0.00    0.38 ^ clkbuf_3_5__f_clk/A (sky130_fd_sc_hd__clkbuf_16)
    12    0.19    0.20    0.25    0.63 ^ clkbuf_3_5__f_clk/X (sky130_fd_sc_hd__clkbuf_16)
                                         clknet_3_5__leaf_clk (net)
                  0.20    0.02    0.65 ^ clkbuf_leaf_60_clk/A (sky130_fd_sc_hd__clkbuf_16)
     4    0.02    0.04    0.18    0.83 ^ clkbuf_leaf_60_clk/X (sky130_fd_sc_hd__clkbuf_16)
                                         clknet_leaf_60_clk (net)
                  0.04    0.00    0.83 ^ state[1][17]$_DFF_P_/CLK (sky130_fd_sc_hd__dfxtp_1)
     1    0.01    0.06    0.32    1.15 v state[1][17]$_DFF_P_/Q (sky130_fd_sc_hd__dfxtp_1)
                                         state[1][17] (net)
                  0.06    0.00    1.15 v _29175_/B (sky130_fd_sc_hd__fa_1)
     1    0.00    0.06    0.51    1.66 ^ _29175_/SUM (sky130_fd_sc_hd__fa_1)
                                         _05856_ (net)
                  0.06    0.00    1.66 ^ _21980_/A (sky130_fd_sc_hd__inv_1)
     1    0.01    0.04    0.06    1.72 v _21980_/Y (sky130_fd_sc_hd__inv_1)
                                         _18113_ (net)
                  0.04    0.00    1.72 v _29177_/A (sky130_fd_sc_hd__fa_1)
     1    0.00    0.06    0.53    2.25 ^ _29177_/SUM (sky130_fd_sc_hd__fa_1)
                                         _18115_ (net)
                  0.06    0.00    2.25 ^ _25228_/A (sky130_fd_sc_hd__inv_1)
     1    0.01    0.04    0.06    2.31 v _25228_/Y (sky130_fd_sc_hd__inv_1)
                                         _05867_ (net)
                  0.04    0.00    2.31 v _29180_/A (sky130_fd_sc_hd__fa_1)
     1    0.01    0.11    0.51    2.82 v _29180_/SUM (sky130_fd_sc_hd__fa_1)
                                         _05886_ (net)
                  0.11    0.00    2.82 v _29185_/A (sky130_fd_sc_hd__fa_1)
     1    0.01    0.11    0.53    3.35 v _29185_/SUM (sky130_fd_sc_hd__fa_1)
                                         _05914_ (net)
                  0.11    0.00    3.35 v _29188_/A (sky130_fd_sc_hd__fa_1)
     1    0.01    0.10    0.52    3.87 v _29188_/SUM (sky130_fd_sc_hd__fa_1)
                                         _05937_ (net)
                  0.10    0.00    3.87 v _29189_/A (sky130_fd_sc_hd__fa_1)
     1    0.01    0.09    0.51    4.38 v _29189_/SUM (sky130_fd_sc_hd__fa_1)
                                         _05944_ (net)
                  0.09    0.00    4.38 v _29920_/A (sky130_fd_sc_hd__ha_1)
     2    0.01    0.05    0.22    4.61 v _29920_/COUT (sky130_fd_sc_hd__ha_1)
                                         _06049_ (net)
                  0.05    0.00    4.61 v _21370_/A (sky130_fd_sc_hd__or3_1)
     1    0.01    0.10    0.41    5.02 v _21370_/X (sky130_fd_sc_hd__or3_1)
                                         _19110_ (net)
                  0.10    0.00    5.02 v _21378_/B1 (sky130_fd_sc_hd__a211oi_1)
     1    0.02    0.55    0.51    5.53 ^ _21378_/Y (sky130_fd_sc_hd__a211oi_1)
                                         _19118_ (net)
                  0.55    0.00    5.53 ^ place812/A (sky130_fd_sc_hd__buf_4)
     2    0.01    0.05    0.22    5.75 ^ place812/X (sky130_fd_sc_hd__buf_4)
                                         net812 (net)
                  0.05    0.00    5.75 ^ _21390_/A1 (sky130_fd_sc_hd__o21ai_0)
     1    0.00    0.08    0.10    5.84 v _21390_/Y (sky130_fd_sc_hd__o21ai_0)
                                         _06587_ (net)
                  0.08    0.00    5.84 v place805/A (sky130_fd_sc_hd__buf_4)
     3    0.03    0.05    0.17    6.01 v place805/X (sky130_fd_sc_hd__buf_4)
                                         net805 (net)
                  0.05    0.00    6.02 v _21393_/A4 (sky130_fd_sc_hd__a41o_1)
     2    0.01    0.07    0.27    6.28 v _21393_/X (sky130_fd_sc_hd__a41o_1)
                                         _19132_ (net)
                  0.07    0.00    6.28 v _21657_/A1 (sky130_fd_sc_hd__a21oi_1)
     2    0.01    0.19    0.19    6.48 ^ _21657_/Y (sky130_fd_sc_hd__a21oi_1)
                                         _19240_ (net)
                  0.19    0.00    6.48 ^ _21662_/A1 (sky130_fd_sc_hd__a211o_1)
     2    0.01    0.07    0.17    6.65 ^ _21662_/X (sky130_fd_sc_hd__a211o_1)
                                         _07065_ (net)
                  0.07    0.00    6.65 ^ _21665_/A1 (sky130_fd_sc_hd__o21ai_0)
     1    0.01    0.11    0.13    6.77 v _21665_/Y (sky130_fd_sc_hd__o21ai_0)
                                         _07141_ (net)
                  0.11    0.00    6.77 v _29383_/B (sky130_fd_sc_hd__fa_1)
     1    0.01    0.09    0.43    7.20 v _29383_/COUT (sky130_fd_sc_hd__fa_1)
                                         _18338_ (net)
                  0.09    0.00    7.20 v _23738_/A (sky130_fd_sc_hd__xnor2_1)
     1    0.00    0.15    0.19    7.39 ^ _23738_/Y (sky130_fd_sc_hd__xnor2_1)
                                         _18724_ (net)
                  0.15    0.00    7.39 ^ _23739_/B (sky130_fd_sc_hd__xnor2_1)
     1    0.01    0.16    0.15    7.54 ^ _23739_/Y (sky130_fd_sc_hd__xnor2_1)
                                         _18725_ (net)
                  0.16    0.00    7.54 ^ _23740_/B (sky130_fd_sc_hd__xnor2_1)
     1    0.01    0.16    0.15    7.70 ^ _23740_/Y (sky130_fd_sc_hd__xnor2_1)
                                         _18726_ (net)
                  0.16    0.00    7.70 ^ _23745_/A (sky130_fd_sc_hd__xnor2_1)
     1    0.01    0.16    0.15    7.85 ^ _23745_/Y (sky130_fd_sc_hd__xnor2_1)
                                         _18730_ (net)
                  0.16    0.00    7.85 ^ _23746_/B (sky130_fd_sc_hd__xnor2_1)
     1    0.00    0.11    0.13    7.99 ^ _23746_/Y (sky130_fd_sc_hd__xnor2_1)
                                         _18731_ (net)
                  0.11    0.00    7.99 ^ _23747_/B (sky130_fd_sc_hd__nor2_1)
     1    0.01    0.11    0.07    8.05 v _23747_/Y (sky130_fd_sc_hd__nor2_1)
                                         _00000_[35] (net)
                  0.11    0.00    8.05 v state[0][35]$_DFF_P_/D (sky130_fd_sc_hd__dfxtp_1)
                                  8.05   data arrival time

                          8.00    8.00   clock clk (rise edge)
                          0.00    8.00   clock source latency
     2    0.09    0.00    0.00    8.00 ^ clk (in)
                                         clk (net)
                  0.01    0.00    8.00 ^ clkbuf_0_clk/A (sky130_fd_sc_hd__clkbuf_16)
     4    0.14    0.15    0.20    8.20 ^ clkbuf_0_clk/X (sky130_fd_sc_hd__clkbuf_16)
                                         clknet_0_clk (net)
                  0.15    0.00    8.20 ^ clkbuf_2_3_0_clk/A (sky130_fd_sc_hd__clkbuf_16)
     2    0.04    0.06    0.18    8.38 ^ clkbuf_2_3_0_clk/X (sky130_fd_sc_hd__clkbuf_16)
                                         clknet_2_3_0_clk (net)
                  0.06    0.00    8.38 ^ clkbuf_3_6__f_clk/A (sky130_fd_sc_hd__clkbuf_16)
    12    0.15    0.16    0.22    8.60 ^ clkbuf_3_6__f_clk/X (sky130_fd_sc_hd__clkbuf_16)
                                         clknet_3_6__leaf_clk (net)
                  0.16    0.01    8.61 ^ clkbuf_leaf_45_clk/A (sky130_fd_sc_hd__clkbuf_16)
     4    0.01    0.04    0.16    8.77 ^ clkbuf_leaf_45_clk/X (sky130_fd_sc_hd__clkbuf_16)
                                         clknet_leaf_45_clk (net)
                  0.04    0.00    8.77 ^ state[0][35]$_DFF_P_/CLK (sky130_fd_sc_hd__dfxtp_1)
                          0.00    8.77   clock reconvergence pessimism
                         -0.14    8.63   library setup time
                                  8.63   data required time
-----------------------------------------------------------------------------
                                  8.63   data required time
                                 -8.05   data arrival time
-----------------------------------------------------------------------------
                                  0.57   slack (MET)



==========================================================================
finish report_check_types -max_slew -max_cap -max_fanout -violators
--------------------------------------------------------------------------

==========================================================================
finish max_slew_check_slack
--------------------------------------------------------------------------
0.7410570383071899

==========================================================================
finish max_slew_check_limit
--------------------------------------------------------------------------
1.4953149557113647

==========================================================================
finish max_slew_check_slack_limit
--------------------------------------------------------------------------
0.4956

==========================================================================
finish max_fanout_check_slack
--------------------------------------------------------------------------
1.0000000150474662e+30

==========================================================================
finish max_fanout_check_limit
--------------------------------------------------------------------------
1.0000000150474662e+30

==========================================================================
finish max_capacitance_check_slack
--------------------------------------------------------------------------
0.028454536572098732

==========================================================================
finish max_capacitance_check_limit
--------------------------------------------------------------------------
0.03388400003314018

==========================================================================
finish max_capacitance_check_slack_limit
--------------------------------------------------------------------------
0.8398

==========================================================================
finish max_slew_violation_count
--------------------------------------------------------------------------
max slew violation count 0

==========================================================================
finish max_fanout_violation_count
--------------------------------------------------------------------------
max fanout violation count 0

==========================================================================
finish max_cap_violation_count
--------------------------------------------------------------------------
max cap violation count 0

==========================================================================
finish setup_violation_count
--------------------------------------------------------------------------
setup violation count 0

==========================================================================
finish hold_violation_count
--------------------------------------------------------------------------
hold violation count 0

==========================================================================
finish report_checks -path_delay max reg to reg
--------------------------------------------------------------------------
Startpoint: state[1][17]$_DFF_P_
            (rising edge-triggered flip-flop clocked by clk)
Endpoint: state[0][35]$_DFF_P_ (rising edge-triggered flip-flop clocked by clk)
Path Group: clk
Path Type: max

  Delay    Time   Description
---------------------------------------------------------
   0.00    0.00   clock clk (rise edge)
   0.00    0.00   clock source latency
   0.00    0.00 ^ clk (in)
   0.20    0.20 ^ clkbuf_0_clk/X (sky130_fd_sc_hd__clkbuf_16)
   0.18    0.38 ^ clkbuf_2_2_0_clk/X (sky130_fd_sc_hd__clkbuf_16)
   0.25    0.63 ^ clkbuf_3_5__f_clk/X (sky130_fd_sc_hd__clkbuf_16)
   0.20    0.83 ^ clkbuf_leaf_60_clk/X (sky130_fd_sc_hd__clkbuf_16)
   0.00    0.83 ^ state[1][17]$_DFF_P_/CLK (sky130_fd_sc_hd__dfxtp_1)
   0.32    1.15 v state[1][17]$_DFF_P_/Q (sky130_fd_sc_hd__dfxtp_1)
   0.51    1.66 ^ _29175_/SUM (sky130_fd_sc_hd__fa_1)
   0.06    1.72 v _21980_/Y (sky130_fd_sc_hd__inv_1)
   0.53    2.25 ^ _29177_/SUM (sky130_fd_sc_hd__fa_1)
   0.06    2.31 v _25228_/Y (sky130_fd_sc_hd__inv_1)
   0.51    2.82 v _29180_/SUM (sky130_fd_sc_hd__fa_1)
   0.53    3.35 v _29185_/SUM (sky130_fd_sc_hd__fa_1)
   0.52    3.87 v _29188_/SUM (sky130_fd_sc_hd__fa_1)
   0.51    4.38 v _29189_/SUM (sky130_fd_sc_hd__fa_1)
   0.23    4.61 v _29920_/COUT (sky130_fd_sc_hd__ha_1)
   0.41    5.02 v _21370_/X (sky130_fd_sc_hd__or3_1)
   0.51    5.53 ^ _21378_/Y (sky130_fd_sc_hd__a211oi_1)
   0.22    5.75 ^ place812/X (sky130_fd_sc_hd__buf_4)
   0.10    5.84 v _21390_/Y (sky130_fd_sc_hd__o21ai_0)
   0.17    6.01 v place805/X (sky130_fd_sc_hd__buf_4)
   0.27    6.28 v _21393_/X (sky130_fd_sc_hd__a41o_1)
   0.19    6.48 ^ _21657_/Y (sky130_fd_sc_hd__a21oi_1)
   0.17    6.65 ^ _21662_/X (sky130_fd_sc_hd__a211o_1)
   0.13    6.77 v _21665_/Y (sky130_fd_sc_hd__o21ai_0)
   0.43    7.20 v _29383_/COUT (sky130_fd_sc_hd__fa_1)
   0.19    7.39 ^ _23738_/Y (sky130_fd_sc_hd__xnor2_1)
   0.15    7.54 ^ _23739_/Y (sky130_fd_sc_hd__xnor2_1)
   0.15    7.70 ^ _23740_/Y (sky130_fd_sc_hd__xnor2_1)
   0.15    7.85 ^ _23745_/Y (sky130_fd_sc_hd__xnor2_1)
   0.13    7.99 ^ _23746_/Y (sky130_fd_sc_hd__xnor2_1)
   0.07    8.05 v _23747_/Y (sky130_fd_sc_hd__nor2_1)
   0.00    8.05 v state[0][35]$_DFF_P_/D (sky130_fd_sc_hd__dfxtp_1)
           8.05   data arrival time

   8.00    8.00   clock clk (rise edge)
   0.00    8.00   clock source latency
   0.00    8.00 ^ clk (in)
   0.20    8.20 ^ clkbuf_0_clk/X (sky130_fd_sc_hd__clkbuf_16)
   0.18    8.38 ^ clkbuf_2_3_0_clk/X (sky130_fd_sc_hd__clkbuf_16)
   0.22    8.60 ^ clkbuf_3_6__f_clk/X (sky130_fd_sc_hd__clkbuf_16)
   0.17    8.77 ^ clkbuf_leaf_45_clk/X (sky130_fd_sc_hd__clkbuf_16)
   0.00    8.77 ^ state[0][35]$_DFF_P_/CLK (sky130_fd_sc_hd__dfxtp_1)
   0.00    8.77   clock reconvergence pessimism
  -0.14    8.63   library setup time
           8.63   data required time
---------------------------------------------------------
           8.63   data required time
          -8.05   data arrival time
---------------------------------------------------------
           0.57   slack (MET)



==========================================================================
finish report_checks -path_delay min reg to reg
--------------------------------------------------------------------------
Startpoint: state[4][0]$_DFF_P_ (rising edge-triggered flip-flop clocked by clk)
Endpoint: state[3][0]$_DFF_P_ (rising edge-triggered flip-flop clocked by clk)
Path Group: clk
Path Type: min

  Delay    Time   Description
---------------------------------------------------------
   0.00    0.00   clock clk (rise edge)
   0.00    0.00   clock source latency
   0.00    0.00 ^ clk (in)
   0.20    0.20 ^ clkbuf_0_clk/X (sky130_fd_sc_hd__clkbuf_16)
   0.18    0.38 ^ clkbuf_2_0_0_clk/X (sky130_fd_sc_hd__clkbuf_16)
   0.21    0.60 ^ clkbuf_3_1__f_clk/X (sky130_fd_sc_hd__clkbuf_16)
   0.16    0.76 ^ clkbuf_leaf_7_clk/X (sky130_fd_sc_hd__clkbuf_16)
   0.00    0.76 ^ state[4][0]$_DFF_P_/CLK (sky130_fd_sc_hd__dfxtp_1)
   0.31    1.07 ^ state[4][0]$_DFF_P_/Q (sky130_fd_sc_hd__dfxtp_1)
   0.12    1.19 ^ _29613_/SUM (sky130_fd_sc_hd__ha_1)
   0.11    1.30 ^ _23264_/Y (sky130_fd_sc_hd__nor2b_1)
   0.00    1.30 ^ state[3][0]$_DFF_P_/D (sky130_fd_sc_hd__dfxtp_1)
           1.30   data arrival time

   0.00    0.00   clock clk (rise edge)
   0.00    0.00   clock source latency
   0.00    0.00 ^ clk (in)
   0.20    0.20 ^ clkbuf_0_clk/X (sky130_fd_sc_hd__clkbuf_16)
   0.18    0.38 ^ clkbuf_2_3_0_clk/X (sky130_fd_sc_hd__clkbuf_16)
   0.22    0.60 ^ clkbuf_3_6__f_clk/X (sky130_fd_sc_hd__clkbuf_16)
   0.18    0.78 ^ clkbuf_leaf_53_clk/X (sky130_fd_sc_hd__clkbuf_16)
   0.00    0.78 ^ state[3][0]$_DFF_P_/CLK (sky130_fd_sc_hd__dfxtp_1)
   0.00    0.78   clock reconvergence pessimism
  -0.04    0.74   library hold time
           0.74   data required time
---------------------------------------------------------
           0.74   data required time
          -1.30   data arrival time
---------------------------------------------------------
           0.56   slack (MET)



==========================================================================
finish critical path target clock latency max path
--------------------------------------------------------------------------
0.6185

==========================================================================
finish critical path target clock latency min path
--------------------------------------------------------------------------
0.7640

==========================================================================
finish critical path source clock latency min path
--------------------------------------------------------------------------
0.0000

==========================================================================
finish critical path delay
--------------------------------------------------------------------------
8.0528

==========================================================================
finish critical path slack
--------------------------------------------------------------------------
0.5748

==========================================================================
finish slack div critical path delay
--------------------------------------------------------------------------
7.137890

==========================================================================
finish report_power
--------------------------------------------------------------------------
Group                  Internal  Switching    Leakage      Total
                          Power      Power      Power      Power (Watts)
----------------------------------------------------------------
Sequential             2.93e-03   3.17e-04   2.37e-09   3.25e-03   2.8%
Combinational          5.19e-02   5.91e-02   4.86e-08   1.11e-01  94.1%
Clock                  2.52e-03   1.16e-03   1.46e-09   3.68e-03   3.1%
Macro                  0.00e+00   0.00e+00   0.00e+00   0.00e+00   0.0%
Pad                    0.00e+00   0.00e+00   0.00e+00   0.00e+00   0.0%
----------------------------------------------------------------
Total                  5.74e-02   6.06e-02   5.24e-08   1.18e-01 100.0%
                          48.6%      51.4%       0.0%
