
==========================================================================
global route report_tns
--------------------------------------------------------------------------
tns max 0.00

==========================================================================
global route report_wns
--------------------------------------------------------------------------
wns max 0.00

==========================================================================
global route report_worst_slack
--------------------------------------------------------------------------
worst slack max 0.19

==========================================================================
global route report_clock_min_period
--------------------------------------------------------------------------
clk period_min = 0.91 fmax = 1096.96

==========================================================================
global route report_clock_skew
--------------------------------------------------------------------------
Clock clk
   0.23 source latency history[1]$_DFF_P_/CLK ^
  -0.23 target latency history[2]$_DFF_P_/CLK ^
   0.00 CRPR
--------------
  -0.00 setup skew


==========================================================================
global route report_checks -path_delay min
--------------------------------------------------------------------------
Startpoint: data_in (input port clocked by clk)
Endpoint: history[0]$_DFF_P_ (rising edge-triggered flip-flop clocked by clk)
Path Group: clk
Path Type: min

Fanout     Cap    Slew   Delay    Time   Description
-----------------------------------------------------------------------------
                          0.00    0.00   clock clk (rise edge)
                          0.00    0.00   clock network delay (propagated)
                          0.00    0.00 v input external delay
     1    0.01    0.00    0.00    0.00 v data_in (in)
                                         data_in (net)
                  0.00    0.00    0.00 v input1/A (sky130_fd_sc_hd__clkdlybuf4s50_1)
     1    0.00    0.05    0.40    0.40 v input1/X (sky130_fd_sc_hd__clkdlybuf4s50_1)
                                         net1 (net)
                  0.05    0.00    0.40 v _3_/B_N (sky130_fd_sc_hd__nor2b_2)
     2    0.01    0.04    0.16    0.56 v _3_/Y (sky130_fd_sc_hd__nor2b_2)
                                         _02_[0] (net)
                  0.04    0.00    0.56 v history[0]$_DFF_P_/D (sky130_fd_sc_hd__dfxtp_1)
                                  0.56   data arrival time

                          0.00    0.00   clock clk (rise edge)
                          0.00    0.00   clock source latency
     1    0.01    0.00    0.00    0.00 ^ clk (in)
                                         clk (net)
                  0.00    0.00    0.00 ^ clkbuf_0_clk/A (sky130_fd_sc_hd__clkbuf_16)
     2    0.02    0.04    0.11    0.11 ^ clkbuf_0_clk/X (sky130_fd_sc_hd__clkbuf_16)
                                         clknet_0_clk (net)
                  0.04    0.00    0.11 ^ clkbuf_1_0__f_clk/A (sky130_fd_sc_hd__clkbuf_16)
     3    0.01    0.03    0.12    0.23 ^ clkbuf_1_0__f_clk/X (sky130_fd_sc_hd__clkbuf_16)
                                         clknet_1_0__leaf_clk (net)
                  0.03    0.00    0.23 ^ history[0]$_DFF_P_/CLK (sky130_fd_sc_hd__dfxtp_1)
                          0.00    0.23   clock reconvergence pessimism
                         -0.05    0.18   library hold time
                                  0.18   data required time
-----------------------------------------------------------------------------
                                  0.18   data required time
                                 -0.56   data arrival time
-----------------------------------------------------------------------------
                                  0.38   slack (MET)



==========================================================================
global route report_checks -path_delay max
--------------------------------------------------------------------------
Startpoint: detected$_DFF_P_ (rising edge-triggered flip-flop clocked by clk)
Endpoint: detected (output port clocked by clk)
Path Group: clk
Path Type: max

Fanout     Cap    Slew   Delay    Time   Description
-----------------------------------------------------------------------------
                          0.00    0.00   clock clk (rise edge)
                          0.00    0.00   clock source latency
     1    0.01    0.00    0.00    0.00 ^ clk (in)
                                         clk (net)
                  0.00    0.00    0.00 ^ clkbuf_0_clk/A (sky130_fd_sc_hd__clkbuf_16)
     2    0.02    0.04    0.11    0.11 ^ clkbuf_0_clk/X (sky130_fd_sc_hd__clkbuf_16)
                                         clknet_0_clk (net)
                  0.04    0.00    0.11 ^ clkbuf_1_1__f_clk/A (sky130_fd_sc_hd__clkbuf_16)
     3    0.01    0.04    0.12    0.23 ^ clkbuf_1_1__f_clk/X (sky130_fd_sc_hd__clkbuf_16)
                                         clknet_1_1__leaf_clk (net)
                  0.04    0.00    0.23 ^ detected$_DFF_P_/CLK (sky130_fd_sc_hd__dfxtp_1)
     1    0.00    0.04    0.29    0.52 ^ detected$_DFF_P_/Q (sky130_fd_sc_hd__dfxtp_1)
                                         net3 (net)
                  0.04    0.00    0.52 ^ output3/A (sky130_fd_sc_hd__dlygate4sd2_1)
     1    0.03    0.30    0.38    0.91 ^ output3/X (sky130_fd_sc_hd__dlygate4sd2_1)
                                         detected (net)
                  0.30    0.00    0.91 ^ detected (out)
                                  0.91   data arrival time

                          1.10    1.10   clock clk (rise edge)
                          0.00    1.10   clock network delay (propagated)
                          0.00    1.10   clock reconvergence pessimism
                          0.00    1.10   output external delay
                                  1.10   data required time
-----------------------------------------------------------------------------
                                  1.10   data required time
                                 -0.91   data arrival time
-----------------------------------------------------------------------------
                                  0.19   slack (MET)



==========================================================================
global route report_checks -unconstrained
--------------------------------------------------------------------------
Startpoint: detected$_DFF_P_ (rising edge-triggered flip-flop clocked by clk)
Endpoint: detected (output port clocked by clk)
Path Group: clk
Path Type: max

Fanout     Cap    Slew   Delay    Time   Description
-----------------------------------------------------------------------------
                          0.00    0.00   clock clk (rise edge)
                          0.00    0.00   clock source latency
     1    0.01    0.00    0.00    0.00 ^ clk (in)
                                         clk (net)
                  0.00    0.00    0.00 ^ clkbuf_0_clk/A (sky130_fd_sc_hd__clkbuf_16)
     2    0.02    0.04    0.11    0.11 ^ clkbuf_0_clk/X (sky130_fd_sc_hd__clkbuf_16)
                                         clknet_0_clk (net)
                  0.04    0.00    0.11 ^ clkbuf_1_1__f_clk/A (sky130_fd_sc_hd__clkbuf_16)
     3    0.01    0.04    0.12    0.23 ^ clkbuf_1_1__f_clk/X (sky130_fd_sc_hd__clkbuf_16)
                                         clknet_1_1__leaf_clk (net)
                  0.04    0.00    0.23 ^ detected$_DFF_P_/CLK (sky130_fd_sc_hd__dfxtp_1)
     1    0.00    0.04    0.29    0.52 ^ detected$_DFF_P_/Q (sky130_fd_sc_hd__dfxtp_1)
                                         net3 (net)
                  0.04    0.00    0.52 ^ output3/A (sky130_fd_sc_hd__dlygate4sd2_1)
     1    0.03    0.30    0.38    0.91 ^ output3/X (sky130_fd_sc_hd__dlygate4sd2_1)
                                         detected (net)
                  0.30    0.00    0.91 ^ detected (out)
                                  0.91   data arrival time

                          1.10    1.10   clock clk (rise edge)
                          0.00    1.10   clock network delay (propagated)
                          0.00    1.10   clock reconvergence pessimism
                          0.00    1.10   output external delay
                                  1.10   data required time
-----------------------------------------------------------------------------
                                  1.10   data required time
                                 -0.91   data arrival time
-----------------------------------------------------------------------------
                                  0.19   slack (MET)



==========================================================================
global route report_check_types -max_slew -max_cap -max_fanout -violators
--------------------------------------------------------------------------

==========================================================================
global route max_slew_check_slack
--------------------------------------------------------------------------
1.209201455116272

==========================================================================
global route max_slew_check_limit
--------------------------------------------------------------------------
1.5059800148010254

==========================================================================
global route max_slew_check_slack_limit
--------------------------------------------------------------------------
0.8029

==========================================================================
global route max_fanout_check_slack
--------------------------------------------------------------------------
1.0000000150474662e+30

==========================================================================
global route max_fanout_check_limit
--------------------------------------------------------------------------
1.0000000150474662e+30

==========================================================================
global route max_capacitance_check_slack
--------------------------------------------------------------------------
0.08293426781892776

==========================================================================
global route max_capacitance_check_limit
--------------------------------------------------------------------------
0.0860700011253357

==========================================================================
global route max_capacitance_check_slack_limit
--------------------------------------------------------------------------
0.9636

==========================================================================
global route max_slew_violation_count
--------------------------------------------------------------------------
max slew violation count 0

==========================================================================
global route max_fanout_violation_count
--------------------------------------------------------------------------
max fanout violation count 0

==========================================================================
global route max_cap_violation_count
--------------------------------------------------------------------------
max cap violation count 0

==========================================================================
global route setup_violation_count
--------------------------------------------------------------------------
setup violation count 0

==========================================================================
global route hold_violation_count
--------------------------------------------------------------------------
hold violation count 0

==========================================================================
global route report_checks -path_delay max reg to reg
--------------------------------------------------------------------------
Startpoint: history[1]$_DFF_P_ (rising edge-triggered flip-flop clocked by clk)
Endpoint: detect_pending$_DFF_P_
          (rising edge-triggered flip-flop clocked by clk)
Path Group: clk
Path Type: max

  Delay    Time   Description
---------------------------------------------------------
   0.00    0.00   clock clk (rise edge)
   0.00    0.00   clock source latency
   0.00    0.00 ^ clk (in)
   0.11    0.11 ^ clkbuf_0_clk/X (sky130_fd_sc_hd__clkbuf_16)
   0.12    0.23 ^ clkbuf_1_0__f_clk/X (sky130_fd_sc_hd__clkbuf_16)
   0.00    0.23 ^ history[1]$_DFF_P_/CLK (sky130_fd_sc_hd__dfxtp_1)
   0.33    0.56 ^ history[1]$_DFF_P_/Q (sky130_fd_sc_hd__dfxtp_1)
   0.05    0.62 v _4_/Y (sky130_fd_sc_hd__nor2_1)
   0.18    0.79 v _5_/X (sky130_fd_sc_hd__and3_1)
   0.00    0.79 v detect_pending$_DFF_P_/D (sky130_fd_sc_hd__dfxtp_1)
           0.79   data arrival time

   1.10    1.10   clock clk (rise edge)
   0.00    1.10   clock source latency
   0.00    1.10 ^ clk (in)
   0.11    1.21 ^ clkbuf_0_clk/X (sky130_fd_sc_hd__clkbuf_16)
   0.12    1.33 ^ clkbuf_1_1__f_clk/X (sky130_fd_sc_hd__clkbuf_16)
   0.00    1.33 ^ detect_pending$_DFF_P_/CLK (sky130_fd_sc_hd__dfxtp_1)
   0.00    1.33   clock reconvergence pessimism
  -0.11    1.22   library setup time
           1.22   data required time
---------------------------------------------------------
           1.22   data required time
          -0.79   data arrival time
---------------------------------------------------------
           0.42   slack (MET)



==========================================================================
global route report_checks -path_delay min reg to reg
--------------------------------------------------------------------------
Startpoint: detect_pending$_DFF_P_
            (rising edge-triggered flip-flop clocked by clk)
Endpoint: detected$_DFF_P_ (rising edge-triggered flip-flop clocked by clk)
Path Group: clk
Path Type: min

  Delay    Time   Description
---------------------------------------------------------
   0.00    0.00   clock clk (rise edge)
   0.00    0.00   clock source latency
   0.00    0.00 ^ clk (in)
   0.11    0.11 ^ clkbuf_0_clk/X (sky130_fd_sc_hd__clkbuf_16)
   0.12    0.23 ^ clkbuf_1_1__f_clk/X (sky130_fd_sc_hd__clkbuf_16)
   0.00    0.23 ^ detect_pending$_DFF_P_/CLK (sky130_fd_sc_hd__dfxtp_1)
   0.29    0.52 ^ detect_pending$_DFF_P_/Q (sky130_fd_sc_hd__dfxtp_1)
   0.13    0.65 ^ _8_/X (sky130_fd_sc_hd__and2b_2)
   0.00    0.65 ^ detected$_DFF_P_/D (sky130_fd_sc_hd__dfxtp_1)
           0.65   data arrival time

   0.00    0.00   clock clk (rise edge)
   0.00    0.00   clock source latency
   0.00    0.00 ^ clk (in)
   0.11    0.11 ^ clkbuf_0_clk/X (sky130_fd_sc_hd__clkbuf_16)
   0.12    0.23 ^ clkbuf_1_1__f_clk/X (sky130_fd_sc_hd__clkbuf_16)
   0.00    0.23 ^ detected$_DFF_P_/CLK (sky130_fd_sc_hd__dfxtp_1)
   0.00    0.23   clock reconvergence pessimism
  -0.03    0.20   library hold time
           0.20   data required time
---------------------------------------------------------
           0.20   data required time
          -0.65   data arrival time
---------------------------------------------------------
           0.45   slack (MET)



==========================================================================
global route critical path target clock latency max path
--------------------------------------------------------------------------
0.2308

==========================================================================
global route critical path target clock latency min path
--------------------------------------------------------------------------
0.2303

==========================================================================
global route critical path source clock latency min path
--------------------------------------------------------------------------
0.0000

==========================================================================
global route critical path delay
--------------------------------------------------------------------------
0.9116

==========================================================================
global route critical path slack
--------------------------------------------------------------------------
0.1884

==========================================================================
global route slack div critical path delay
--------------------------------------------------------------------------
20.666959

==========================================================================
global route report_power
--------------------------------------------------------------------------
Group                  Internal  Switching    Leakage      Total
                          Power      Power      Power      Power (Watts)
----------------------------------------------------------------
Sequential             1.88e-04   2.67e-06   4.09e-11   1.91e-04  23.0%
Combinational          1.22e-05   7.02e-06   4.32e-11   1.92e-05   2.3%
Clock                  4.82e-04   1.37e-04   3.82e-11   6.19e-04  74.7%
Macro                  0.00e+00   0.00e+00   0.00e+00   0.00e+00   0.0%
Pad                    0.00e+00   0.00e+00   0.00e+00   0.00e+00   0.0%
----------------------------------------------------------------
Total                  6.83e-04   1.47e-04   1.22e-10   8.29e-04 100.0%
                          82.3%      17.7%       0.0%
