
==========================================================================
global place report_tns
--------------------------------------------------------------------------
tns max 0.00

==========================================================================
global place report_wns
--------------------------------------------------------------------------
wns max 0.00

==========================================================================
global place report_worst_slack
--------------------------------------------------------------------------
worst slack max INF

==========================================================================
global place report_clock_min_period
--------------------------------------------------------------------------

==========================================================================
global place report_checks -path_delay min
--------------------------------------------------------------------------
No paths found.

==========================================================================
global place report_checks -path_delay max
--------------------------------------------------------------------------
No paths found.

==========================================================================
global place report_checks -unconstrained
--------------------------------------------------------------------------
Startpoint: last_sample$_DFF_P_ (rising edge-triggered flip-flop)
Endpoint: stable_count[1]$_DFF_P_ (rising edge-triggered flip-flop)
Path Group: unconstrained
Path Type: max

Fanout     Cap    Slew   Delay    Time   Description
-----------------------------------------------------------------------------
                  0.15    0.00    0.00 ^ last_sample$_DFF_P_/CLK (sky130_fd_sc_hd__dfxtp_1)
     3    0.01    0.12    0.40    0.40 ^ last_sample$_DFF_P_/Q (sky130_fd_sc_hd__dfxtp_1)
                                         last_sample (net)
                  0.12    0.00    0.40 ^ _16_/A (sky130_fd_sc_hd__inv_1)
     1    0.00    0.04    0.05    0.45 v _16_/Y (sky130_fd_sc_hd__inv_1)
                                         _06_ (net)
                  0.04    0.00    0.45 v _27_/A (sky130_fd_sc_hd__ha_1)
     2    0.01    0.08    0.29    0.74 ^ _27_/SUM (sky130_fd_sc_hd__ha_1)
                                         _05_ (net)
                  0.08    0.00    0.74 ^ _20_/C_N (sky130_fd_sc_hd__nor3b_1)
     1    0.00    0.15    0.17    0.91 ^ _20_/Y (sky130_fd_sc_hd__nor3b_1)
                                         _02_[1] (net)
                  0.15    0.00    0.91 ^ stable_count[1]$_DFF_P_/D (sky130_fd_sc_hd__dfxtp_1)
                                  0.91   data arrival time
-----------------------------------------------------------------------------
(Path is unconstrained)



==========================================================================
global place report_power
--------------------------------------------------------------------------
Group                  Internal  Switching    Leakage      Total
                          Power      Power      Power      Power (Watts)
----------------------------------------------------------------
Sequential             1.09e-05   2.15e-06   3.30e-11   1.31e-05  31.2%
Combinational          1.77e-05   1.11e-05   5.05e-11   2.89e-05  68.8%
Clock                  0.00e+00   0.00e+00   0.00e+00   0.00e+00   0.0%
Macro                  0.00e+00   0.00e+00   0.00e+00   0.00e+00   0.0%
Pad                    0.00e+00   0.00e+00   0.00e+00   0.00e+00   0.0%
----------------------------------------------------------------
Total                  2.87e-05   1.33e-05   8.36e-11   4.20e-05 100.0%
                          68.3%      31.7%       0.0%
