
==========================================================================
global route report_tns
--------------------------------------------------------------------------
tns max 0.00

==========================================================================
global route report_wns
--------------------------------------------------------------------------
wns max 0.00

==========================================================================
global route report_worst_slack
--------------------------------------------------------------------------
worst slack max INF

==========================================================================
global route report_clock_min_period
--------------------------------------------------------------------------

==========================================================================
global route report_clock_skew
--------------------------------------------------------------------------

==========================================================================
global route report_checks -path_delay min
--------------------------------------------------------------------------
No paths found.

==========================================================================
global route report_checks -path_delay max
--------------------------------------------------------------------------
No paths found.

==========================================================================
global route report_checks -unconstrained
--------------------------------------------------------------------------
Startpoint: a[6] (input port)
Endpoint: result[1] (output port)
Path Group: unconstrained
Path Type: max

Fanout     Cap    Slew   Delay    Time   Description
-----------------------------------------------------------------------------
                          0.00    0.00 ^ input external delay
     1    0.00    0.00    0.00    0.00 ^ a[6] (in)
                                         a[6] (net)
                  0.00    0.00    0.00 ^ input13/A (sky130_fd_sc_hd__clkdlybuf4s50_1)
    12    0.06    0.62    0.86    0.86 ^ input13/X (sky130_fd_sc_hd__clkdlybuf4s50_1)
                                         net13 (net)
                  0.62    0.01    0.87 ^ _1519_/B (sky130_fd_sc_hd__nand2_1)
     1    0.01    0.16    0.19    1.06 v _1519_/Y (sky130_fd_sc_hd__nand2_1)
                                         _0836_ (net)
                  0.16    0.00    1.06 v _1553_/A (sky130_fd_sc_hd__fa_1)
     1    0.01    0.10    0.54    1.60 v _1553_/SUM (sky130_fd_sc_hd__fa_1)
                                         _0374_ (net)
                  0.10    0.00    1.60 v _1554_/B (sky130_fd_sc_hd__fa_1)
     1    0.00    0.06    0.52    2.12 ^ _1554_/SUM (sky130_fd_sc_hd__fa_1)
                                         _0838_ (net)
                  0.06    0.00    2.12 ^ _1297_/A (sky130_fd_sc_hd__inv_1)
     1    0.01    0.04    0.06    2.18 v _1297_/Y (sky130_fd_sc_hd__inv_1)
                                         _0383_ (net)
                  0.04    0.00    2.18 v _1558_/B (sky130_fd_sc_hd__fa_1)
     1    0.01    0.12    0.51    2.69 v _1558_/SUM (sky130_fd_sc_hd__fa_1)
                                         _0412_ (net)
                  0.12    0.00    2.69 v _1564_/A (sky130_fd_sc_hd__fa_1)
     1    0.01    0.11    0.54    3.23 v _1564_/SUM (sky130_fd_sc_hd__fa_1)
                                         _0462_ (net)
                  0.11    0.00    3.23 v _1570_/A (sky130_fd_sc_hd__fa_1)
     1    0.00    0.09    0.50    3.73 v _1570_/SUM (sky130_fd_sc_hd__fa_1)
                                         _0502_ (net)
                  0.09    0.00    3.73 v _1626_/A (sky130_fd_sc_hd__ha_1)
     4    0.02    0.11    0.37    4.10 v _1626_/SUM (sky130_fd_sc_hd__ha_1)
                                         _0914_ (net)
                  0.11    0.00    4.10 v _1181_/A2 (sky130_fd_sc_hd__a21o_1)
     2    0.01    0.05    0.22    4.32 v _1181_/X (sky130_fd_sc_hd__a21o_1)
                                         _0973_ (net)
                  0.05    0.00    4.32 v _1182_/A2 (sky130_fd_sc_hd__a21o_1)
     1    0.00    0.04    0.18    4.50 v _1182_/X (sky130_fd_sc_hd__a21o_1)
                                         _0974_ (net)
                  0.04    0.00    4.50 v _1183_/A2 (sky130_fd_sc_hd__a21o_1)
     2    0.01    0.06    0.19    4.70 v _1183_/X (sky130_fd_sc_hd__a21o_1)
                                         _0975_ (net)
                  0.06    0.00    4.70 v _1184_/B2 (sky130_fd_sc_hd__a221o_1)
     2    0.01    0.10    0.37    5.07 v _1184_/X (sky130_fd_sc_hd__a221o_1)
                                         _0976_ (net)
                  0.10    0.00    5.07 v _1277_/B1 (sky130_fd_sc_hd__a221oi_1)
     1    0.00    0.24    0.27    5.34 ^ _1277_/Y (sky130_fd_sc_hd__a221oi_1)
                                         _1038_ (net)
                  0.24    0.00    5.34 ^ _1278_/B1_N (sky130_fd_sc_hd__a21boi_1)
     1    0.01    0.18    0.25    5.59 ^ _1278_/Y (sky130_fd_sc_hd__a21boi_1)
                                         _0859_ (net)
                  0.18    0.00    5.59 ^ _1579_/CIN (sky130_fd_sc_hd__fa_1)
     2    0.01    0.15    0.27    5.86 ^ _1579_/COUT (sky130_fd_sc_hd__fa_1)
                                         _0558_ (net)
                  0.15    0.00    5.86 ^ _1191_/B (sky130_fd_sc_hd__xor2_1)
     1    0.00    0.13    0.17    6.03 ^ _1191_/X (sky130_fd_sc_hd__xor2_1)
                                         _0979_ (net)
                  0.13    0.00    6.03 ^ place50/A (sky130_fd_sc_hd__buf_4)
    23    0.09    0.25    0.29    6.32 ^ place50/X (sky130_fd_sc_hd__buf_4)
                                         net50 (net)
                  0.25    0.01    6.32 ^ _1253_/B (sky130_fd_sc_hd__nor2_1)
     1    0.00    0.06    0.07    6.39 v _1253_/Y (sky130_fd_sc_hd__nor2_1)
                                         _1030_ (net)
                  0.06    0.00    6.39 v _1254_/B1 (sky130_fd_sc_hd__a21oi_1)
     3    0.01    0.32    0.28    6.67 ^ _1254_/Y (sky130_fd_sc_hd__a21oi_1)
                                         _0564_ (net)
                  0.32    0.00    6.67 ^ _1635_/A (sky130_fd_sc_hd__ha_1)
     2    0.01    0.12    0.26    6.94 ^ _1635_/COUT (sky130_fd_sc_hd__ha_1)
                                         _0641_ (net)
                  0.12    0.00    6.94 ^ _1215_/C1 (sky130_fd_sc_hd__o211ai_1)
     3    0.02    0.18    0.19    7.12 v _1215_/Y (sky130_fd_sc_hd__o211ai_1)
                                         _1000_ (net)
                  0.18    0.00    7.12 v _1221_/A_N (sky130_fd_sc_hd__nand4b_4)
     6    0.04    0.23    0.33    7.46 v _1221_/Y (sky130_fd_sc_hd__nand4b_4)
                                         _1006_ (net)
                  0.23    0.00    7.46 v _1227_/A (sky130_fd_sc_hd__nor2_2)
     8    0.04    0.40    0.41    7.87 ^ _1227_/Y (sky130_fd_sc_hd__nor2_2)
                                         _1012_ (net)
                  0.40    0.00    7.87 ^ _1241_/A1_N (sky130_fd_sc_hd__a2bb2oi_1)
     1    0.01    0.18    0.26    8.13 ^ _1241_/Y (sky130_fd_sc_hd__a2bb2oi_1)
                                         _1025_ (net)
                  0.18    0.00    8.13 ^ _1242_/B (sky130_fd_sc_hd__nor2_1)
     1    0.00    0.12    0.07    8.20 v _1242_/Y (sky130_fd_sc_hd__nor2_1)
                                         net40 (net)
                  0.12    0.00    8.20 v output40/A (sky130_fd_sc_hd__clkdlybuf4s50_1)
     1    0.00    0.04    0.43    8.63 v output40/X (sky130_fd_sc_hd__clkdlybuf4s50_1)
                                         result[1] (net)
                  0.04    0.00    8.63 v result[1] (out)
                                  8.63   data arrival time
-----------------------------------------------------------------------------
(Path is unconstrained)



==========================================================================
global route report_check_types -max_slew -max_cap -max_fanout -violators
--------------------------------------------------------------------------

==========================================================================
global route max_slew_check_slack
--------------------------------------------------------------------------
0.7596831321716309

==========================================================================
global route max_slew_check_limit
--------------------------------------------------------------------------
1.5

==========================================================================
global route max_slew_check_slack_limit
--------------------------------------------------------------------------
0.5065

==========================================================================
global route max_fanout_check_slack
--------------------------------------------------------------------------
1.0000000150474662e+30

==========================================================================
global route max_fanout_check_limit
--------------------------------------------------------------------------
1.0000000150474662e+30

==========================================================================
global route max_capacitance_check_slack
--------------------------------------------------------------------------
0.02049451880156994

==========================================================================
global route max_capacitance_check_limit
--------------------------------------------------------------------------
0.03663099929690361

==========================================================================
global route max_capacitance_check_slack_limit
--------------------------------------------------------------------------
0.5595

==========================================================================
global route max_slew_violation_count
--------------------------------------------------------------------------
max slew violation count 0

==========================================================================
global route max_fanout_violation_count
--------------------------------------------------------------------------
max fanout violation count 0

==========================================================================
global route max_cap_violation_count
--------------------------------------------------------------------------
max cap violation count 0

==========================================================================
global route setup_violation_count
--------------------------------------------------------------------------
setup violation count 0

==========================================================================
global route hold_violation_count
--------------------------------------------------------------------------
hold violation count 0

==========================================================================
global route critical path delay
--------------------------------------------------------------------------
-1

==========================================================================
global route critical path slack
--------------------------------------------------------------------------
0

==========================================================================
global route slack div critical path delay
--------------------------------------------------------------------------
0.000000

==========================================================================
global route report_power
--------------------------------------------------------------------------
Group                  Internal  Switching    Leakage      Total
                          Power      Power      Power      Power (Watts)
----------------------------------------------------------------
Sequential             0.00e+00   0.00e+00   0.00e+00   0.00e+00   0.0%
Combinational          9.27e-03   1.09e-02   2.43e-09   2.02e-02 100.0%
Clock                  0.00e+00   0.00e+00   0.00e+00   0.00e+00   0.0%
Macro                  0.00e+00   0.00e+00   0.00e+00   0.00e+00   0.0%
Pad                    0.00e+00   0.00e+00   0.00e+00   0.00e+00   0.0%
----------------------------------------------------------------
Total                  9.27e-03   1.09e-02   2.43e-09   2.02e-02 100.0%
                          45.9%      54.1%       0.0%
