
==========================================================================
floorplan final report_tns
--------------------------------------------------------------------------
tns max 0.00

==========================================================================
floorplan final report_wns
--------------------------------------------------------------------------
wns max 0.00

==========================================================================
floorplan final report_worst_slack
--------------------------------------------------------------------------
worst slack max INF

==========================================================================
floorplan final report_clock_min_period
--------------------------------------------------------------------------

==========================================================================
floorplan final report_checks -path_delay min
--------------------------------------------------------------------------
No paths found.

==========================================================================
floorplan final report_checks -path_delay max
--------------------------------------------------------------------------
No paths found.

==========================================================================
floorplan final report_checks -unconstrained
--------------------------------------------------------------------------
Startpoint: state_reg[1]$_DFF_P_ (rising edge-triggered flip-flop)
Endpoint: match$_DFF_P_ (rising edge-triggered flip-flop)
Path Group: unconstrained
Path Type: max

Fanout     Cap    Slew   Delay    Time   Description
-----------------------------------------------------------------------------
                  0.00    0.00    0.00 ^ state_reg[1]$_DFF_P_/CLK (sky130_fd_sc_hd__dfxtp_1)
     1    0.00    0.02    0.27    0.27 v state_reg[1]$_DFF_P_/Q (sky130_fd_sc_hd__dfxtp_1)
                                         state_reg[1] (net)
                  0.02    0.00    0.27 v _3_/C (sky130_fd_sc_hd__and3b_2)
     1    0.00    0.03    0.19    0.45 v _3_/X (sky130_fd_sc_hd__and3b_2)
                                         _00_ (net)
                  0.03    0.00    0.45 v match$_DFF_P_/D (sky130_fd_sc_hd__dfxtp_1)
                                  0.45   data arrival time
-----------------------------------------------------------------------------
(Path is unconstrained)



==========================================================================
floorplan final report_power
--------------------------------------------------------------------------
Group                  Internal  Switching    Leakage      Total
                          Power      Power      Power      Power (Watts)
----------------------------------------------------------------
Sequential             8.09e-06   1.80e-07   2.45e-11   8.27e-06  71.3%
Combinational          2.92e-06   4.06e-07   1.30e-11   3.32e-06  28.7%
Clock                  0.00e+00   0.00e+00   0.00e+00   0.00e+00   0.0%
Macro                  0.00e+00   0.00e+00   0.00e+00   0.00e+00   0.0%
Pad                    0.00e+00   0.00e+00   0.00e+00   0.00e+00   0.0%
----------------------------------------------------------------
Total                  1.10e-05   5.86e-07   3.76e-11   1.16e-05 100.0%
                          94.9%       5.1%       0.0%
