
==========================================================================
floorplan final report_tns
--------------------------------------------------------------------------
tns max 0.00

==========================================================================
floorplan final report_wns
--------------------------------------------------------------------------
wns max 0.00

==========================================================================
floorplan final report_worst_slack
--------------------------------------------------------------------------
worst slack max INF

==========================================================================
floorplan final report_clock_min_period
--------------------------------------------------------------------------

==========================================================================
floorplan final report_checks -path_delay min
--------------------------------------------------------------------------
No paths found.

==========================================================================
floorplan final report_checks -path_delay max
--------------------------------------------------------------------------
No paths found.

==========================================================================
floorplan final report_checks -unconstrained
--------------------------------------------------------------------------
Startpoint: last_sample$_DFF_P_ (rising edge-triggered flip-flop)
Endpoint: stable_count[1]$_DFF_P_ (rising edge-triggered flip-flop)
Path Group: unconstrained
Path Type: max

Fanout     Cap    Slew   Delay    Time   Description
-----------------------------------------------------------------------------
                  0.00    0.00    0.00 ^ last_sample$_DFF_P_/CLK (sky130_fd_sc_hd__dfxtp_1)
     3    0.01    0.09    0.32    0.32 ^ last_sample$_DFF_P_/Q (sky130_fd_sc_hd__dfxtp_1)
                                         last_sample (net)
                  0.09    0.00    0.32 ^ _16_/A (sky130_fd_sc_hd__inv_1)
     1    0.00    0.03    0.05    0.36 v _16_/Y (sky130_fd_sc_hd__inv_1)
                                         _06_ (net)
                  0.03    0.00    0.36 v _27_/A (sky130_fd_sc_hd__ha_1)
     2    0.00    0.05    0.27    0.63 ^ _27_/SUM (sky130_fd_sc_hd__ha_1)
                                         _05_ (net)
                  0.05    0.00    0.63 ^ _20_/C_N (sky130_fd_sc_hd__nor3b_1)
     1    0.00    0.13    0.15    0.78 ^ _20_/Y (sky130_fd_sc_hd__nor3b_1)
                                         _02_[1] (net)
                  0.13    0.00    0.78 ^ stable_count[1]$_DFF_P_/D (sky130_fd_sc_hd__dfxtp_1)
                                  0.78   data arrival time
-----------------------------------------------------------------------------
(Path is unconstrained)



==========================================================================
floorplan final report_power
--------------------------------------------------------------------------
Group                  Internal  Switching    Leakage      Total
                          Power      Power      Power      Power (Watts)
----------------------------------------------------------------
Sequential             1.12e-05   1.51e-06   3.30e-11   1.27e-05  55.9%
Combinational          6.73e-06   3.26e-06   3.54e-11   9.99e-06  44.1%
Clock                  0.00e+00   0.00e+00   0.00e+00   0.00e+00   0.0%
Macro                  0.00e+00   0.00e+00   0.00e+00   0.00e+00   0.0%
Pad                    0.00e+00   0.00e+00   0.00e+00   0.00e+00   0.0%
----------------------------------------------------------------
Total                  1.79e-05   4.77e-06   6.84e-11   2.27e-05 100.0%
                          79.0%      21.0%       0.0%
