
==========================================================================
global route report_tns
--------------------------------------------------------------------------
tns max 0.00

==========================================================================
global route report_wns
--------------------------------------------------------------------------
wns max 0.00

==========================================================================
global route report_worst_slack
--------------------------------------------------------------------------
worst slack max INF

==========================================================================
global route report_clock_min_period
--------------------------------------------------------------------------

==========================================================================
global route report_clock_skew
--------------------------------------------------------------------------

==========================================================================
global route report_checks -path_delay min
--------------------------------------------------------------------------
No paths found.

==========================================================================
global route report_checks -path_delay max
--------------------------------------------------------------------------
No paths found.

==========================================================================
global route report_checks -unconstrained
--------------------------------------------------------------------------
Startpoint: last_sample$_DFF_P_ (rising edge-triggered flip-flop)
Endpoint: stable_count[1]$_DFF_P_ (rising edge-triggered flip-flop)
Path Group: unconstrained
Path Type: max

Fanout     Cap    Slew   Delay    Time   Description
-----------------------------------------------------------------------------
                  0.19    0.00    0.00 ^ last_sample$_DFF_P_/CLK (sky130_fd_sc_hd__dfxtp_1)
     3    0.01    0.14    0.42    0.42 ^ last_sample$_DFF_P_/Q (sky130_fd_sc_hd__dfxtp_1)
                                         last_sample (net)
                  0.14    0.00    0.42 ^ _16_/A (sky130_fd_sc_hd__inv_1)
     1    0.00    0.04    0.06    0.48 v _16_/Y (sky130_fd_sc_hd__inv_1)
                                         _06_ (net)
                  0.04    0.00    0.48 v _27_/A (sky130_fd_sc_hd__ha_1)
     2    0.01    0.08    0.30    0.78 ^ _27_/SUM (sky130_fd_sc_hd__ha_1)
                                         _05_ (net)
                  0.08    0.00    0.78 ^ _20_/C_N (sky130_fd_sc_hd__nor3b_1)
     1    0.00    0.19    0.21    0.99 ^ _20_/Y (sky130_fd_sc_hd__nor3b_1)
                                         _02_[1] (net)
                  0.19    0.00    0.99 ^ stable_count[1]$_DFF_P_/D (sky130_fd_sc_hd__dfxtp_1)
                                  0.99   data arrival time
-----------------------------------------------------------------------------
(Path is unconstrained)



==========================================================================
global route report_check_types -max_slew -max_cap -max_fanout -violators
--------------------------------------------------------------------------

==========================================================================
global route max_slew_check_slack
--------------------------------------------------------------------------
1.3012222051620483

==========================================================================
global route max_slew_check_limit
--------------------------------------------------------------------------
1.4953149557113647

==========================================================================
global route max_slew_check_slack_limit
--------------------------------------------------------------------------
0.8702

==========================================================================
global route max_fanout_check_slack
--------------------------------------------------------------------------
1.0000000150474662e+30

==========================================================================
global route max_fanout_check_limit
--------------------------------------------------------------------------
1.0000000150474662e+30

==========================================================================
global route max_capacitance_check_slack
--------------------------------------------------------------------------
0.0453488752245903

==========================================================================
global route max_capacitance_check_limit
--------------------------------------------------------------------------
0.04944799840450287

==========================================================================
global route max_capacitance_check_slack_limit
--------------------------------------------------------------------------
0.9171

==========================================================================
global route max_slew_violation_count
--------------------------------------------------------------------------
max slew violation count 0

==========================================================================
global route max_fanout_violation_count
--------------------------------------------------------------------------
max fanout violation count 0

==========================================================================
global route max_cap_violation_count
--------------------------------------------------------------------------
max cap violation count 0

==========================================================================
global route setup_violation_count
--------------------------------------------------------------------------
setup violation count 0

==========================================================================
global route hold_violation_count
--------------------------------------------------------------------------
hold violation count 0

==========================================================================
global route report_checks -path_delay max reg to reg
--------------------------------------------------------------------------
No paths found.

==========================================================================
global route report_checks -path_delay min reg to reg
--------------------------------------------------------------------------
No paths found.

==========================================================================
global route critical path target clock latency max path
--------------------------------------------------------------------------
0

==========================================================================
global route critical path target clock latency min path
--------------------------------------------------------------------------
0

==========================================================================
global route critical path source clock latency min path
--------------------------------------------------------------------------
0

==========================================================================
global route critical path delay
--------------------------------------------------------------------------
-1

==========================================================================
global route critical path slack
--------------------------------------------------------------------------
0

==========================================================================
global route slack div critical path delay
--------------------------------------------------------------------------
0.000000

==========================================================================
global route report_power
--------------------------------------------------------------------------
Group                  Internal  Switching    Leakage      Total
                          Power      Power      Power      Power (Watts)
----------------------------------------------------------------
Sequential             1.09e-05   2.69e-06   3.30e-11   1.36e-05  30.1%
Combinational          1.80e-05   1.36e-05   5.05e-11   3.16e-05  69.9%
Clock                  0.00e+00   0.00e+00   0.00e+00   0.00e+00   0.0%
Macro                  0.00e+00   0.00e+00   0.00e+00   0.00e+00   0.0%
Pad                    0.00e+00   0.00e+00   0.00e+00   0.00e+00   0.0%
----------------------------------------------------------------
Total                  2.90e-05   1.63e-05   8.36e-11   4.53e-05 100.0%
                          64.0%      36.0%       0.0%
