
==========================================================================
global place report_tns
--------------------------------------------------------------------------
tns max 0.00

==========================================================================
global place report_wns
--------------------------------------------------------------------------
wns max 0.00

==========================================================================
global place report_worst_slack
--------------------------------------------------------------------------
worst slack max INF

==========================================================================
global place report_clock_min_period
--------------------------------------------------------------------------

==========================================================================
global place report_checks -path_delay min
--------------------------------------------------------------------------
No paths found.

==========================================================================
global place report_checks -path_delay max
--------------------------------------------------------------------------
No paths found.

==========================================================================
global place report_checks -unconstrained
--------------------------------------------------------------------------
Startpoint: shift_en (input port)
Endpoint: data_out[2]$_DFF_P_ (rising edge-triggered flip-flop)
Path Group: unconstrained
Path Type: max

Fanout     Cap    Slew   Delay    Time   Description
-----------------------------------------------------------------------------
                          0.00    0.00 ^ input external delay
     1    0.00    0.00    0.00    0.00 ^ shift_en (in)
                                         shift_en (net)
                  0.00    0.00    0.00 ^ input9/A (sky130_fd_sc_hd__clkdlybuf4s50_1)
     4    0.02    0.24    0.60    0.60 ^ input9/X (sky130_fd_sc_hd__clkdlybuf4s50_1)
                                         net9 (net)
                  0.24    0.00    0.60 ^ _12_/S (sky130_fd_sc_hd__mux2i_1)
     1    0.00    0.07    0.12    0.72 v _12_/Y (sky130_fd_sc_hd__mux2i_1)
                                         _02_ (net)
                  0.07    0.00    0.72 v _14_/A2 (sky130_fd_sc_hd__a211oi_1)
     1    0.00    0.18    0.23    0.95 ^ _14_/Y (sky130_fd_sc_hd__a211oi_1)
                                         _00_[2] (net)
                  0.18    0.00    0.95 ^ data_out[2]$_DFF_P_/D (sky130_fd_sc_hd__dfxtp_1)
                                  0.95   data arrival time
-----------------------------------------------------------------------------
(Path is unconstrained)



==========================================================================
global place report_power
--------------------------------------------------------------------------
Group                  Internal  Switching    Leakage      Total
                          Power      Power      Power      Power (Watts)
----------------------------------------------------------------
Sequential             1.19e-05   1.95e-06   3.33e-11   1.39e-05  16.4%
Combinational          4.91e-05   2.18e-05   9.10e-11   7.09e-05  83.6%
Clock                  0.00e+00   0.00e+00   0.00e+00   0.00e+00   0.0%
Macro                  0.00e+00   0.00e+00   0.00e+00   0.00e+00   0.0%
Pad                    0.00e+00   0.00e+00   0.00e+00   0.00e+00   0.0%
----------------------------------------------------------------
Total                  6.10e-05   2.38e-05   1.24e-10   8.48e-05 100.0%
                          72.0%      28.0%       0.0%
